Renesas Optimizing Linker (W3.00.00 )             29-Jan-2019 13:49:43

*** Options ***

-subcommand=LinkerrBLE_Emb_CCRL.tmp
-device="C:\Renesas\e2_studio\DebugComp\\RL78\RL78\Common\DR5F11AGJ.DVF"
-list="rBLE_Emb_CCRL.map"
-show=all
-optimize=branch
-entry=_start
-auto_section_layout
-security_id=00000000000000000000
-debug_monitor=fe00-ffff
-user_opt_byte=efffaa
-ocdbg=85
-self
-input=".\Project_Source/renesas/src/compiler/ccrl\cstart.obj"
-input=".\Project_Source/rBLE/src/sample_profile/sam\sams.obj"
-input=".\Project_Source/rBLE/src/sample_simple\console.obj"
-input=".\Project_Source/rBLE/src/sample_simple\rble_sample_app_peripheral.obj"
-input=".\Project_Source/renesas/src/arch/rl78\arch_main.obj"
-input=".\Project_Source/renesas/src/arch/rl78\fw_update_count0.obj"
-input=".\Project_Source/renesas/src/arch/rl78\fw_update_count1.obj"
-input=".\Project_Source/renesas/src/arch/rl78\ke_conf_simple.obj"
-input=".\Project_Source/renesas/src/arch/rl78\main.obj"
-input=".\Project_Source/renesas/src/arch/rl78\prf_config.obj"
-input=".\Project_Source/renesas/src/arch/rl78\prf_config_host.obj"
-input=".\Project_Source/renesas/src/arch/rl78\rble_core_config.obj"
-input=".\Project_Source/renesas/src/arch/rl78\rwble_mem.obj"
-input=".\Project_Source/renesas/src/driver/DTM2Wire\DTM2Wire.obj"
-input=".\Project_Source/renesas/src/driver/codeflash\codeflash.obj"
-input=".\Project_Source/renesas/src/driver/dataflash\dataflash.obj"
-input=".\Project_Source/renesas/src/driver/dataflash\eel_descriptor_t02.obj"
-input=".\Project_Source/renesas/src/driver/dataflash\fdl_descriptor_t02.obj"
-input=".\Project_Source/renesas/src/driver/led\led.obj"
-input=".\Project_Source/renesas/src/driver/led_onoff\led_onoff.obj"
-input=".\Project_Source/renesas/src/driver/peak\peak_isr.obj"
-input=".\Project_Source/renesas/src/driver/plf\plf.obj"
-input=".\Project_Source/renesas/src/driver/push_state\push_state.obj"
-input=".\Project_Source/renesas/src/driver/push_sw\push_sw.obj"
-input=".\Project_Source/renesas/src/driver/uart\uart.obj"
-input=".\Project_Source/renesas/src/driver/wakeup\wakeup.obj"
-library="..\..\..\..\..\..\lib\BLE_HOST_lib_CCRL.lib"
-library="..\..\..\..\..\..\lib\BLE_CONTROLLER_LIB_CCRL.lib"
-library="..\..\..\..\..\..\lib\BLE_rBLE_lib_CCRL.lib"
-library="..\..\..\..\..\..\lib\BLE_PROFILE_BLP_LIB_CCRL.lib"
-library="..\..\..\..\..\..\lib\BLE_PROFILE_FMP_LIB_CCRL.lib"
-library="..\..\..\..\..\..\lib\BLE_PROFILE_HGP_LIB_CCRL.lib"
-library="..\..\..\..\..\..\lib\BLE_PROFILE_HTP_LIB_CCRL.lib"
-library="..\..\..\..\..\..\lib\BLE_PROFILE_PXP_LIB_CCRL.lib"
-library="..\..\..\..\..\..\lib\BLE_PROFILE_SCP_LIB_CCRL.lib"
-library="..\..\..\..\..\..\lib\BLE_PROFILE_HRP_LIB_CCRL.lib"
-library="..\..\..\..\..\..\lib\BLE_PROFILE_CSP_LIB_CCRL.lib"
-library="..\..\..\..\..\..\lib\BLE_PROFILE_GLP_LIB_CCRL.lib"
-library="..\..\..\..\..\..\lib\BLE_PROFILE_CPP_LIB_CCRL.lib"
-library="..\..\..\..\..\..\lib\BLE_PROFILE_TIP_LIB_CCRL.lib"
-library="..\..\..\..\..\..\lib\BLE_PROFILE_ANP_LIB_CCRL.lib"
-library="..\..\..\..\..\..\lib\BLE_PROFILE_LNP_LIB_CCRL.lib"
-library="..\..\..\..\..\..\lib\BLE_PROFILE_PAP_LIB_CCRL.lib"
-library="..\..\..\..\..\..\lib\BLE_PROFILE_RSP_LIB_CCRL.lib"
-library="..\..\..\..\..\..\lib\BLE_PROFILES_COMMON_LIB_CCRL.lib"
-library="..\..\..\..\..\..\src\driver\dataflash\cc_rl\fdl.lib"
-library="..\..\..\..\..\..\src\driver\dataflash\cc_rl\eel.lib"
-library="..\..\..\..\..\..\src\driver\codeflash\cc_rl\fsl.lib"
-library="C:\Program Files (x86)\Renesas\RL78\1_7_0\lib\rl78cm4s.lib"
-library="C:\Program Files (x86)\Renesas\RL78\1_7_0\lib\rl78cm4r.lib"
-library="C:\Program Files (x86)\Renesas\RL78\1_7_0\lib\malloc_n.lib"
-output="rBLE_Emb_CCRL.abs"
-debug
-nocompress
-rom=.data=.dataR,.sdata=.sdataR
-stack
-nomessage
-NOMessage
-Total_size
-NOLOgo

*** Error information ***

*** Mapping List ***

SECTION                            START      END         SIZE   ALIGN
.vect
                                  00000000  0000007f        80   0
.callt0
                                  00000080  0000009d        1e   2
.sdata
                                  00000080  00000080         0   2
.constf
                                  0000009e  000000b1        14   2
MAIN_CN0_f
                                  000000b2  000000b3         2   2
MAIN_CN1_f
                                  000000b4  000000b5         2   2
EEL_CNST_f
                                  000000b6  000000b9         4   2
.option_byte
                                  000000c0  000000c3         4   1
.security_id
                                  000000c4  000000cd         a   1
.monitor1
                                  000000ce  000000d7         a   1
DFL_CNST_f
                                  000000d8  000000f5        1e   2
FDL_CNST_f
                                  000000f6  000000ff         a   2
.data
                                  00000100  000001c3        c4   2
ROM_BOOT0
                                  000001c4  00000211        4e   1
.text
                                  00000212  00000219         8   1
UARTCODE_n
                                  0000021a  000002c9        b0   1
HST_CODE_n
                                  000002ca  0000034a        81   1
CNT_CODE_n
                                  0000034b  0000070c       3c2   1
RBL_CODE_n
                                  0000070d  0000073c        30   1
FDL_CODE
                                  00000742  00000965       224   2
EEL_CODE
                                  00000966  000013da       a75   2
.RLIB
                                  000013db  00001fc9       bef   1
MAINCODE_f
                                  00001fca  000020bf        f6   1
DFL_CODE_f
                                  000020c0  0000240e       34f   1
PLF_CODE_f
                                  0000240f  00002517       109   1
UARTCODE_f
                                  00002518  00002676       15f   1
.const
                                  00003000  00003561       562   2
ACS_TBL_n
                                  00003562  00003595        34   2
TSK_DESC_n
                                  00003596  00003705       170   2
MAINCNST_n
                                  00003706  00003721        1c   2
HDB_CNST_n
                                  00003722  000037bd        9c   2
CLK_TBL_n
                                  000037be  000037c9         c   2
HST_CNST_n
                                  000037ca  000041e1       a18   2
CNT_CNST_n
                                  000041e2  0000473f       55e   2
RBL_CNST_n
                                  00004740  00004997       258   2
.textf
                                  00004998  00007109      2772   1
.SLIB
                                  0000710a  00009089      1f80   1
RBL_CODE_f
                                  0000908a  0000a752      16c9   1
.monitor2
                                  0000fe00  0000ffff       200   1
HST_CODE_f
                                  00010000  0001aaad      aaae   1
CNT_CODE_f
                                  0001aaae  00025d52      b2a5   1
.bss
                                  000fb300  000fd6a5      23a6   2
.dataR
                                  000fd6a6  000fd769        c4   2
CNT_DATA_n
                                  000fd76a  000fdd93       62a   2
HDB_DATA_n
                                  000fdd94  000fddfb        68   2
HST_DATA_n
                                  000fddfc  000fe04f       254   2
RBL_DATA_n
                                  000fe050  000fe091        42   2
DFL_DATA_n
                                  000fe092  000fe099         8   2
UARTDATA_n
                                  000fe09a  000fe0af        16   2
MAINDATA_n
                                  000fe0b0  000fe0bd         e   2
.sbss
                                  000ffe20  000ffe20         0   2
.sdataR
                                  000ffe20  000ffe20         0   2
FDL_SDAT
                                  000ffe20  000ffe21         2   2
EEL_SDAT
                                  000ffe22  000ffe22         1   2

*** Total Section Size ***

RAMDATA SECTION:  00002dc1 Byte(s)
ROMDATA SECTION:  00001d56 Byte(s)
PROGRAM SECTION:  0001dfbc Byte(s)

*** Symbol List ***

SECTION=
FILE=                               START        END    SIZE
  SYMBOL                            ADDR        SIZE    INFO      COUNTS  OPT
    STRUCT                                      SIZE
      MEMBER                        ADDR        SIZE    INFO

SECTION=.vect
FILE=rlink_generates_04
                                  00000000  0000007f        80

SECTION=.callt0
FILE=gatt
                                  00000080  00000081         2
  @_atts_get_attrhdl
                                  00000080         0   data ,g         7
FILE=gap
                                  00000082  00000083         2
  @_gap_get_rec_idx
                                  00000082         0   data ,g        1d
FILE=ke_mem
                                  00000084  00000085         2
  @_ke_malloc
                                  00000084         0   data ,g        1e
FILE=ke_msg
                                  00000086  0000008b         6
  @_ke_msg_alloc
                                  00000086         0   data ,g       11c
  @_ke_msg_send
                                  00000088         0   data ,g        67
  @_ke_msg_send_basic
                                  0000008a         0   data ,g         f
FILE=rf_renesas
                                  0000008c  0000008d         2
  @_rf_renesas_reg_wr
                                  0000008c         0   data ,g        5e
FILE=gap_util
                                  0000008e  0000008f         2
  @_gap_retrieve_srcid
                                  0000008e         0   data ,g        1a
FILE=attm_util
                                  00000090  00000091         2
  @_attm_read_word16
                                  00000090         0   data ,g        1e
FILE=co_buf
                                  00000092  00000093         2
  @_co_buf_tx_desc_get
                                  00000092         0   data ,g        12
FILE=co_endian
                                  00000094  00000095         2
  @_co_bswap16
                                  00000094         0   data ,g        1d
FILE=co_utils
                                  00000096  00000097         2
  @_co_read16p
                                  00000096         0   data ,g         f
FILE=reg_access
                                  00000098  0000009b         4
  @_reg_rd_16bit
                                  00000098         0   data ,g        1a
  @_reg_wr_32bit
                                  0000009a         0   data ,g        53
FILE=rble_osinterface_rw
                                  0000009c  0000009d         2
  @_RBLE_snd_msg
                                  0000009c         0   data ,g        4e

SECTION=.constf
FILE=_REL_print
                                  0000009e  000000b1        14

SECTION=MAIN_CN0_f
FILE=.\Project_Source\renesas\src\arch\rl78\fw_update_count0.obj
                                  000000b2  000000b3         2
  _fw_update_count_0
                                  000000b2         2   data ,g         0

SECTION=MAIN_CN1_f
FILE=.\Project_Source\renesas\src\arch\rl78\fw_update_count1.obj
                                  000000b4  000000b5         2
  _fw_update_count_1
                                  000000b4         2   data ,g         0

SECTION=EEL_CNST_f
FILE=.\Project_Source\renesas\src\driver\dataflash\eel_descriptor_t02.obj
                                  000000b6  000000b9         4
  _eel_descriptor
                                  000000b6         3   data ,g         6
  _eel_internal_cfg_cau08
                                  000000b9         1   data ,g         2

SECTION=.option_byte
FILE=rlink_generates_01
                                  000000c0  000000c3         4

SECTION=.security_id
FILE=rlink_generates_03
                                  000000c4  000000cd         a

SECTION=.monitor1
FILE=rlink_generates_02
                                  000000ce  000000d7         a

SECTION=DFL_CNST_f
FILE=.\Project_Source\renesas\src\driver\dataflash\dataflash.obj
                                  000000d8  000000f5        1e
  _testadr@1
                                  000000d8         6   data ,l         2
    struct bd_addr {
                                                   6
      _testadr@1.addr
                                  000000d8         6   unsigned char
    }
  _errno_list@5
                                  000000de        18   data ,l         4
    struct df_errno {
                                                   2
      _errno_list@5.eel
                                  000000de         1   unsigned char
      _errno_list@5.df
                                  000000df         1   unsigned char
    }

SECTION=FDL_CNST_f
FILE=.\Project_Source\renesas\src\driver\dataflash\fdl_descriptor_t02.obj
                                  000000f6  000000ff         a
  _fdl_descriptor_str
                                  000000f6         a   data ,g         2
    struct  {
                                                   a
      _fdl_descriptor_str.eel_pool_bytes_u16
                                  000000f6         2   unsigned int
      _fdl_descriptor_str.fdl_pool_bytes_u16
                                  000000f8         2   unsigned int
      _fdl_descriptor_str.fdl_delay_u16
                                  000000fa         2   unsigned int
      _fdl_descriptor_str.eel_pool_blocks_u08
                                  000000fc         1   unsigned char
      _fdl_descriptor_str.fdl_pool_blocks_u08
                                  000000fd         1   unsigned char
      _fdl_descriptor_str.fx_MHz_u08
                                  000000fe         1   unsigned char
      _fdl_descriptor_str.wide_voltage_mode_u08
                                  000000ff         1   unsigned char
    }

SECTION=.data
FILE=.\Project_Source\rBLE\src\sample_simple\console.obj
                                  00000100  0000010b         c
FILE=.\Project_Source\rBLE\src\sample_simple\rble_sample_app_peripheral.obj
                                  0000010c  0000015b        50
FILE=.\Project_Source\renesas\src\arch\rl78\prf_config.obj
                                  0000015c  000001bf        64
FILE=rand
                                  000001c0  000001c3         4

SECTION=ROM_BOOT0
FILE=.\Project_Source\renesas\src\compiler\ccrl\cstart.obj
                                  000001c4  00000211        4e
  _start
                                  000001c4         0   entry,g         0
  _exit
                                  00000210         0   none ,g         1

SECTION=.text
FILE=.\Project_Source\renesas\src\driver\led\led.obj
                                  00000212  00000219         8
  _led_timer_isr
                                  00000212         8   func ,g         0

SECTION=UARTCODE_n
FILE=.\Project_Source\renesas\src\driver\uart\uart.obj
                                  0000021a  000002c9        b0
  _dma0_isr
                                  0000021a        2c   func ,g         0
  _dma1_isr
                                  00000246        1b   func ,g         0
  _st0_isr
                                  00000261        2c   func ,g         0
  _sre0_isr
                                  0000028d        3d   func ,g         0

SECTION=HST_CODE_n
FILE=gatt
                                  000002ca  000002fd        34
  _atts_get_attrhdl
                                  000002ca        34   func ,g         1
FILE=gap
                                  000002fe  00000340        43
  _gap_get_rec_idx
                                  000002fe        43   func ,g         1
FILE=gap_util
                                  00000341  00000344         4
  _gap_retrieve_srcid
                                  00000341         4   func ,g         1
FILE=attm_util
                                  00000345  0000034a         6
  _attm_read_word16
                                  00000345         6   func ,g         1

SECTION=CNT_CODE_n
FILE=rwble
                                  0000034b  000004cf       185
  _rwble_isr
                                  0000034b        1e   func ,g         0
  _rwble_default_isr@1
                                  00000369       160   func ,l         1
  __CommonCode@2
                                  000004c9         7   func ,l         a
FILE=ke_mem
                                  000004d0  00000572        a3
  _ke_malloc
                                  000004d0        9d   func ,g         1
  __CommonCode@1
                                  0000056d         6   func ,l         2  ch
FILE=ke_msg
                                  00000573  000005ce        5c
  _ke_msg_alloc
                                  00000573        32   func ,g         1  ch
  _ke_msg_send
                                  000005a5        21   func ,g        57
  _ke_msg_send_basic
                                  000005c6         9   func ,g         b
FILE=rf_renesas
                                  000005cf  000005d5         7
  _rf_renesas_reg_wr
                                  000005cf         7   func ,g         8
FILE=co_buf
                                  000005d6  000005df         a
  _co_buf_tx_desc_get
                                  000005d6         a   func ,g         1  ch
FILE=co_endian
                                  000005e0  000005e1         2
  _co_bswap16
                                  000005e0         2   func ,g         2
FILE=co_utils
                                  000005e2  000005e7         6
  _co_read16p
                                  000005e2         6   func ,g         1
FILE=reg_access
                                  000005e8  0000070c       125
  _reg_rd_16bit
                                  000005e8        a1   func ,g         a
  _reg_wr_32bit
                                  00000689        7a   func ,g         1
  _dma2_isr
                                  00000703         5   func ,g         0
  _dma3_isr
                                  00000708         5   func ,g         0

SECTION=RBL_CODE_n
FILE=rble_osinterface_rw
                                  0000070d  0000073c        30
  _RBLE_snd_msg
                                  0000070d        30   func ,g         1  ch

SECTION=FDL_CODE
FILE=fdl
                                  00000742  0000080a        c9
  _FDL_Init
                                  00000742         0   none ,g         1
  FDL_Init
                                  00000742         0   none ,g         0
  FDL_Init_exit
                                  00000777         0   none ,l         1
  _FDL_ExecuteEEL
                                  00000778         0   none ,g         1
  FDL_ExecuteEEL
                                  00000778         0   none ,g         0
  _FDL_Execute
                                  0000077d         0   none ,g         0
  FDL_Execute
                                  0000077d         0   none ,g         0
  _FDL_Execute_common
                                  00000780         0   none ,l         1
  _FDL_Handler
                                  00000784         0   none ,g         2
  FDL_Handler
                                  00000784         0   none ,g         1
  FDL_Handler_Exit
                                  0000078f         0   none ,l         1
  _FDL_Open
                                  00000790         0   none ,g         1
  FDL_Open
                                  00000790         0   none ,g         0
  FDL_Open_Exit
                                  000007a2         0   none ,l         2
  _FDL_Close
                                  000007a3         0   none ,g         0
  FDL_Close
                                  000007a3         0   none ,g         0
  FDL_Close_exit
                                  000007bd         0   none ,l         1
  _FDL_StandBy
                                  000007be         0   none ,g         0
  FDL_StandBy
                                  000007be         0   none ,g         0
  _FDL_WakeUp
                                  000007d2         0   none ,g         0
  FDL_WakeUp
                                  000007d2         0   none ,g         0
  _FDL_Abort
                                  000007e2         0   none ,g         0
  FDL_Abort
                                  000007e2         0   none ,g         0
  FDL_Common_OK
                                  000007f8         0   none ,l         4
  FDL_Common_REJECTED
                                  000007fb         0   none ,l         1
  FDL_Common_BUSY
                                  000007ff         0   none ,l         2
  FDL_Common_Exit
                                  00000804         0   none ,l         2
  _FDL_GetVersionString
                                  00000805         0   none ,g         0
  FDL_GetVersionString
                                  00000805         0   none ,g         0
FILE=fdl_data
                                  0000080c  00000828        1d
  FDL_attribute_table
                                  0000080c         0   none ,g         1
  FDL_command_table
                                  00000811         0   none ,g         2
  _FDL_VERSION_STRING
                                  00000816         0   none ,g         4
FILE=fdl_functions
                                  0000082a  00000965       13c
  FDL_CheckConfiguration
                                  0000082a         0   none ,g         1
  FDL_CheckConfiguration_error
                                  00000851         0   none ,l         5
  FDL_CheckConfiguration_exit
                                  00000855         0   none ,l         1
  FDL_CheckRequest
                                  00000856         0   none ,g         1
  FDL_CheckRequest_StandBy_check
                                  00000869         0   none ,l         1
  FDL_CheckRequest_cont
                                  00000870         0   none ,l         1
  FDL_CheckRequest_byte
                                  0000088c         0   none ,l         0
  FDL_CheckRequest_block
                                  000008a7         0   none ,l         1
  FDL_CheckRequest_check_requester
                                  000008bd         0   none ,l         1
  FDL_CheckRequest_eel
                                  000008cd         0   none ,l         1
  FDL_CheckRequest_check_range
                                  000008d4         0   none ,l         1
  FDL_CheckRequest_ok
                                  000008d8         0   none ,l         0
  FDL_CheckRequest_error_init
                                  000008ed         0   none ,l         1
  FDL_CheckRequest_error_reject
                                  000008f1         0   none ,l         1
  FDL_CheckRequest_error_parameter
                                  000008f5         0   none ,l         7
  FDL_CheckRequest_error_standby
                                  000008f9         0   none ,l         1
  FDL_CheckRequest_read
                                  000008fd         0   none ,l         1
  FDL_CheckRequest_exit
                                  00000900         0   none ,l         5
  FDL_StateEpilog
                                  00000903         0   none ,g         1
  FDL_ReadRomTables
                                  00000915         0   none ,l         1
  FDL_Delay_10us
                                  0000092e         0   none ,g         2
  FDL_Delay_Loop
                                  00000934         0   none ,l         1
  FDL_Delay_Loop_exit
                                  0000093a         0   none ,l         1
  FDL_Copy_to_RAM
                                  0000093b         0   none ,g         2
  copy_to_BRAM_next
                                  00000943         0   none ,l         1
  FDL_ReadCommand
                                  00000950         0   none ,g         1
  FDL_ReadCommand_next
                                  0000095b         0   none ,l         1

SECTION=EEL_CODE
FILE=eel
                                  00000966  000009b3        4e
  _EEL_Init
                                  00000966         0   none ,g         1
  EEL_Init
                                  00000966         0   none ,g         0
  _EEL_Init_neg
                                  00000985         0   none ,l         2
  _EEL_Init_exit
                                  00000987         0   none ,l         1
  _EEL_Open
                                  00000989         0   none ,g         2
  EEL_Open
                                  00000989         0   none ,g         0
  _EEL_Close
                                  0000098d         0   none ,g         1
  EEL_Close
                                  0000098d         0   none ,g         0
  _EEL_Execute
                                  00000994         0   none ,g         3
  EEL_Execute
                                  00000994         0   none ,g         0
  _EEL_Execute_exit
                                  0000099c         0   none ,l         1
  _EEL_Handler
                                  0000099d         0   none ,g         3
  EEL_Handler
                                  0000099d         0   none ,g         0
  _EEL_Handler_continue
                                  000009a8         0   none ,l         0
  _EEL_Handler_exit
                                  000009ad         0   none ,l         2
  _EEL_GetVersionString
                                  000009ae         0   none ,g         1
  EEL_GetVersionString
                                  000009ae         0   none ,g         0
FILE=eel_get_space
                                  000009b4  000009e9        36
  _EEL_GetSpace
                                  000009b4         0   none ,g         1
  EEL_GetSpace
                                  000009b4         0   none ,g         0
  _EEL_GS_err
                                  000009d8         0   none ,l         2
  _EEL_GS_err_init
                                  000009de         0   none ,l         2
  _EEL_GS_err_access_locked
                                  000009e2         0   none ,l         1
  _EEL_GS_err_rejected
                                  000009e6         0   none ,l         1
  _EEL_GS_exit
                                  000009e8         0   none ,l         3
FILE=eel_common
                                  000009ea  000009ea         1
  _EEL_EXIT_STATE
                                  000009ea         0   none ,g         4
FILE=eel_data
                                  000009ec  00000a28        3d
  _EEL_CmdRomTable
                                  000009ec         0   none ,g         1
  _EEL_CmdAttrRomTable
                                  000009fc         0   none ,g         2
  _EEL_DrvStatesVsFlagsRomTable
                                  00000a04         0   none ,g         0
  _EEL_VERSION_STRING
                                  00000a16         0   none ,g         2
  _EEL_DrvStatesVsFlagsRomTable_end
                                  00000a16         0   none ,g         0
FILE=eel_functions
                                  00000a2a  00000d1f       2f6
  _EEL_AnalyzePool
                                  00000a2a         0   none ,g         1
  _EEL_AP_2A_blocks_only
                                  00000a4f         0   none ,l         0
  _EEL_AP_2A_blocks_and_xI_blocks
                                  00000a60         0   none ,l         1
  _EEL_AP_check_A_flags
                                  00000a67         0   none ,l         2
  _EEL_AP_1_active_blk
                                  00000a72         0   none ,l         1
  _EEL_AP_ok
                                  00000a78         0   none ,l         0
  _EEL_AP_exhausted
                                  00000a7b         0   none ,l         1
  _EEL_AP_inconsistent
                                  00000a7f         0   none ,l         5
  _EEL_AP_exit
                                  00000a81         0   none ,l         2
  _EEL_CalcNextAFlag
                                  00000a85         0   none ,g         3
  _EEL_SwapBlkInfoOfABlocks
                                  00000a8c         0   none ,g         3
  _EEL_ClearBRAM_refs
                                  00000a9e         0   none ,g         2
  _EEL_ClearBRAM_vars
                                  00000aa8         0   none ,g         1
  _EEL_ClearBRAM_loop
                                  00000aaf         0   none ,l         2
  _EEL_WriteBRAM_ref
                                  00000ab7         0   none ,g         3
  _EEL_ReadBRAM_ref
                                  00000ac1         0   none ,g         2
  _EEL_CheckConfiguration
                                  00000acb         0   none ,g         1
  _EEL_CC_var_check_loop
                                  00000aff         0   none ,l         1
  _EEL_CC_exit_pos
                                  00000b3f         0   none ,l         0
  _EEL_CC_exit_neg
                                  00000b43         0   none ,l         a
  _EEL_CC_exit
                                  00000b45         0   none ,l         1
  _EEL_CheckRequest
                                  00000b49         0   none ,g         1
  _EEL_CR_startup_check_end
                                  00000b69         0   none ,l         1
  _EEL_CR_write_check_end
                                  00000b70         0   none ,l         1
  _EEL_CR_ID_check_end
                                  00000b7f         0   none ,l         1
  _EEL_CR_startup_error
                                  00000b8b         0   none ,l         1
  _EEL_CR_init_error
                                  00000b8f         0   none ,l         2
  _EEL_CR_param_error
                                  00000b93         0   none ,l         3
  _EEL_CR_exhausted_error
                                  00000b97         0   none ,l         1
  _EEL_CR_busy_error
                                  00000b9b         0   none ,l         1
  _EEL_CheckRequest_error
                                  00000b9d         0   none ,l         4
  _EEL_CheckRequest_exit
                                  00000b9f         0   none ,l         1
  _EEL_DecodeCommand
                                  00000ba4         0   none ,l         1
  _EEL_DecodeCommand_pos
                                  00000bc4         0   none ,l         0
  _EEL_DecodeCommand_neg
                                  00000bc8         0   none ,l         2
  _EEL_DecodeCommand_exit
                                  00000bca         0   none ,l         1
  _EEL_IdentifyLibrary
                                  00000bce         0   none ,g         1
  _EEL_IL_exit
                                  00000be2         0   none ,l         1
  _EEL_StateProlog
                                  00000be6         0   none ,g         1
  _EEL_StateEpilog
                                  00000bf2         0   none ,g         1
  _EEL_ReadBlockStatus
                                  00000bfc         0   none ,g         4
  _EEL_RBS_exit
                                  00000c22         0   none ,l         5
  _EEL_AnalyzeBlock
                                  00000c23         0   none ,g         1
  _EEL_AB_blk_active
                                  00000c32         0   none ,l         0
  _EEL_AB_blk_active_0
                                  00000c3c         0   none ,l         0
  _EEL_AB_blk_active_1
                                  00000c48         0   none ,l         1
  _EEL_AB_blk_active_increment
                                  00000c52         0   none ,l         2
  _EEL_AB_blk_invalid
                                  00000c57         0   none ,l         1
  _EEL_AB_exit
                                  00000c6f         0   none ,l         2
  _EEL_ConvertBlockIDtoIDX
                                  00000c70         0   none ,g         d
  _EEL_AnalyzeID
                                  00000c74         0   none ,g         2
  _EEL_ReadIDInformation
                                  00000c83         0   none ,g         3
  _EEL_RII_common
                                  00000c85         0   none ,l         1
  _EEL_RII_ok
                                  00000ca0         0   none ,l         0
  _EEL_RII_error
                                  00000ca4         0   none ,l         3
  _EEL_RII_exit
                                  00000ca6         0   none ,l         1
  _EEL_IsSeparator
                                  00000ca8         0   none ,g         2
  _EEL_IS_exit
                                  00000cb2         0   none ,l         1
  _EEL_GetFreeSpace
                                  00000cb3         0   none ,g         2
  _EEL_GFS_exit
                                  00000cd0         0   none ,l         2
  _EEL_PrepareDataForFlagWrite_complete_same_error_state
                                  00000cd4         0   none ,g         5
  _EEL_PrepareDataForFlagWrite_complete
                                  00000cd8         0   none ,g         2
  _EEL_PrepareDataForFlagWrite_BufferAndCount
                                  00000cef         0   none ,g         0
  _EEL_PrepareDataForRead_with_std_buffer
                                  00000cfa         0   none ,g         7
  _EEL_PrepareDataForRead
                                  00000cfd         0   none ,g         1
  _EEL_finish_command
                                  00000d10         0   none ,g         e
FILE=eel_format
                                  00000d20  00000e46       127
  _EEL_FMT_STATE_0
                                  00000d20         0   none ,g         1
  _EEL_FMT_STATE_1
                                  00000d37         0   none ,g         2
  _EEL_FMT_STATE_2
                                  00000d48         0   none ,g         1
  _EEL_FMT_STATE_2_exit
                                  00000d62         0   none ,l         1
  _EEL_FMT_STATE_3
                                  00000d63         0   none ,g         2
  _EEL_FMT_STATE_3_cont
                                  00000d73         0   none ,l         1
  _EEL_FMT_STATE_3_exit
                                  00000d79         0   none ,l         1
  _EEL_FMT_STATE_4
                                  00000d7a         0   none ,g         2
  _EEL_FMT_STATE_5
                                  00000d92         0   none ,g         2
  _EEL_FMT_STATE_5_cont
                                  00000da2         0   none ,l         1
  _EEL_FMT_STATE_5_cont_act_process
                                  00000db1         0   none ,l         1
  _EEL_FMT_STATE_5_exit
                                  00000db7         0   none ,l         2
  _EEL_FMT_STATE_6
                                  00000db8         0   none ,g         1
  _EEL_FMT_STATE_7
                                  00000dcb         0   none ,g         2
  _EEL_FMT_STATE_8
                                  00000ddc         0   none ,g         1
  _EEL_FMT_STATE_8_exit
                                  00000e16         0   none ,l         1
  _EEL_FMT_STATE_9
                                  00000e17         0   none ,g         2
  _EEL_FMT_STATE_9_cont
                                  00000e26         0   none ,l         1
  _EEL_FMT_STATE_9_exit
                                  00000e2c         0   none ,l         1
  _EEL_FMT_STATE_10
                                  00000e2d         0   none ,g         1
  _EEL_FMT_STATE_11
                                  00000e40         0   none ,g         3
FILE=eel_read
                                  00000e48  00000e7e        37
  _EEL_RDR_STATE_0
                                  00000e48         0   none ,g         1
  _EEL_RDR_STATE_0_read_ref
                                  00000e60         0   none ,l         1
  _EEL_RDR_STATE_0_exit
                                  00000e76         0   none ,l         1
  _EEL_RDR_STATE_1
                                  00000e77         0   none ,g         1
FILE=eel_shutdown
                                  00000e80  00000e8a         b
  _EEL_SDN_STATE_0
                                  00000e80         0   none ,g         1
FILE=eel_verify
                                  00000e8c  00000eb7        2c
  _EEL_VRF_STATE_0
                                  00000e8c         0   none ,g         1
  _EEL_VRF_STATE_1
                                  00000ea8         0   none ,g         1
FILE=eel_bios
                                  00000eb8  00000f94        dd
  _EEL_FDL_WR_BWV_CMD_STATE_0
                                  00000eb8         0   none ,g         8
  _EEL_FDL_RD_CMD_STATE_0
                                  00000ebe         0   none ,g         1
  _EEL_FDL_BC_CMD_STATE_0
                                  00000ec2         0   none ,g         1
  _EEL_FDL_WR_CMD_STATE_0
                                  00000ec6         0   none ,g         7
  _EEL_FDL_IV_CMD_STATE_0
                                  00000eca         0   none ,g         5
  _EEL_FDL_WR_SEQUENCE_CMD_STATE_0
                                  00000ece         0   none ,g         1
  _EEL_FDL_BYTE_CMD_STATE_0
                                  00000ed9         0   none ,l         4
  _EEL_FDL_ER_CMD_STATE_0
                                  00000ee5         0   none ,g         2
  _EEL_FDL_CMD_STATE_0
                                  00000ee9         0   none ,g         3
  _EEL_FDL_CMD_STATE_0_standby_check
                                  00000f00         0   none ,l         1
  _EEL_FDL_CMD_STATE_0_init_check
                                  00000f04         0   none ,l         0
  _EEL_FDL_CMD_STATE_0_exit
                                  00000f12         0   none ,l         4
  _EEL_FDL_CMD_STATE_1
                                  00000f13         0   none ,g         1
  _EEL_FDL_CMD_STATE_1_ok
                                  00000f2d         0   none ,l         1
  _EEL_FDL_CMD_STATE_1_check_aborted_error
                                  00000f36         0   none ,l         1
  _EEL_FDL_CMD_STATE_1_check_flash_error
                                  00000f4b         0   none ,l         1
  _EEL_FDL_CMD_STATE_1_check_flash_error_common
                                  00000f70         0   none ,l         3
  _EEL_FDL_CMD_STATE_1_flash_no_err_CMD_mismatch_exit
                                  00000f77         0   none ,l         0
  _EEL_FDL_CMD_STATE_1_exit
                                  00000f7b         0   none ,l         6
  _EEL_FDL_CMD_STATE_2
                                  00000f7c         0   none ,g         3
FILE=eel_refresh
                                  00000f96  00001187       1f2
  _EEL_REF_STATE_0
                                  00000f96         0   none ,g         2
  _EEL_REF_STATE_1
                                  00000fa4         0   none ,g         3
  _EEL_REF_STATE_1_cont
                                  00000fc4         0   none ,l         1
  _EEL_REF_STATE_1_exit
                                  00000fd4         0   none ,l         1
  _EEL_REF_STATE_2
                                  00000fd5         0   none ,g         1
  _EEL_REF_STATE_2_cont
                                  00000fe5         0   none ,l         1
  _EEL_REF_STATE_2_exit
                                  00000ffc         0   none ,l         1
  _EEL_REF_STATE_3
                                  00000ffd         0   none ,g         1
  _EEL_REF_STATE_4
                                  00001019         0   none ,g         1
  _EEL_REF_STATE_5
                                  00001032         0   none ,g         2
  _EEL_REF_STATE_5_cont
                                  0000103f         0   none ,l         1
  _EEL_REF_STATE_5_ref_exists
                                  0000104e         0   none ,l         1
  _EEL_REF_STATE_5_exit
                                  00001090         0   none ,l         2
  _EEL_REF_STATE_6
                                  00001091         0   none ,g         2
  _EEL_REF_STATE_6_cont
                                  0000109f         0   none ,l         1
  _EEL_REF_STATE_6_copy_blk_size
                                  000010a3         0   none ,l         0
  _EEL_REF_STATE_6_cont_read
                                  000010a5         0   none ,l         1
  _EEL_REF_STATE_6_exit
                                  000010bf         0   none ,l         1
  _EEL_REF_STATE_7
                                  000010c0         0   none ,g         1
  _EEL_REF_STATE_8
                                  000010dd         0   none ,g         1
  _EEL_REF_STATE_9
                                  000010f5         0   none ,g         1
  _EEL_REF_STATE_10
                                  0000110b         0   none ,g         2
  _EEL_REF_STATE_11
                                  00001119         0   none ,g         1
  _EEL_REF_STATE_11_fill_finished
                                  0000113c         0   none ,l         1
  _EEL_REF_STATE_11_exit
                                  0000113f         0   none ,l         1
  _EEL_REF_STATE_12
                                  00001140         0   none ,g         1
  _EEL_REF_STATE_13
                                  0000115c         0   none ,g         4
  _EEL_REF_STATE_13_exclude
                                  0000116a         0   none ,l         1
  _EEL_REF_STATE_13_exit
                                  0000116d         0   none ,l         1
  _EEL_REF_STATE_14
                                  0000116e         0   none ,g         2
  _EEL_REF_STATE_15
                                  00001184         0   none ,l         1
FILE=eel_startup
                                  00001188  0000130b       184
  _EEL_SUP_STATE_0
                                  00001188         0   none ,g         1
  _EEL_SUP_STATE_1
                                  000011b0         0   none ,g         2
  _EEL_SUP_STATE_2
                                  000011c1         0   none ,g         1
  _EEL_SUP_STATE_3
                                  000011d6         0   none ,g         1
  _EEL_SUP_STATE_3_inconsistent
                                  000011e6         0   none ,l         1
  _EEL_SUP_STATE_3_ok
                                  000011eb         0   none ,l         1
  _EEL_SUP_STATE_3_exit
                                  000011f4         0   none ,l         2
  _EEL_SUP_STATE_4
                                  000011f5         0   none ,g         1
  _EEL_SUP_STATE_5a
                                  00001213         0   none ,g         1
  _EEL_SUP_STATE_5b
                                  00001215         0   none ,g         1
  _EEL_SUP_STATE_5_common
                                  00001218         0   none ,l         1
  _EEL_SUP_STATE_6
                                  00001241         0   none ,g         2
  _EEL_SUP_STATE_7
                                  0000125a         0   none ,g         2
  _EEL_SUP_STATE_8
                                  00001268         0   none ,g         1
  _EEL_SUP_STATE_8_SoR_EoR_error
                                  00001298         0   none ,l         3
  _EEL_SUP_STATE_8_fill_finished
                                  0000129f         0   none ,l         1
  _EEL_SUP_STATE_8_fill_finished_exhausted
                                  000012ad         0   none ,l         1
  _EEL_SUP_STATE_8_exit
                                  000012b3         0   none ,l         2
  _EEL_SUP_STATE_9
                                  000012b4         0   none ,g         1
  _EEL_SUP_STATE_10
                                  000012d3         0   none ,g         1
  _EEL_SUP_STATE_10_exit
                                  000012f6         0   none ,l         1
  _EEL_SUP_STATE_11a
                                  000012f7         0   none ,g         2
  _EEL_SUP_STATE_11
                                  00001302         0   none ,g         1
FILE=eel_write
                                  0000130c  000013da        cf
  _EEL_WRR_STATE_0
                                  0000130c         0   none ,g         1
  _EEL_WRR_STATE_0_mark_pool_full
                                  00001326         0   none ,l         1
  _EEL_WRR_STATE_0_var_fits
                                  0000132f         0   none ,l         1
  _EEL_WRR_STATE_0_exit
                                  00001354         0   none ,l         1
  _EEL_WRR_STATE_1
                                  00001355         0   none ,g         1
  _EEL_WRR_STATE_2
                                  00001383         0   none ,g         1
  _EEL_WRR_STATE_3
                                  000013ac         0   none ,g         1
  _EEL_WRR_STATE_4
                                  000013cc         0   none ,g         3

SECTION=.RLIB
FILE=memcpy
                                  000013db  000013eb        11
  _memcpy
                                  000013db         0   none ,g        eb
FILE=memset
                                  000013ec  000013f9         e
  _memset
                                  000013ec         0   none ,g        4b
FILE=_COM_memcpy_ff
                                  000013fa  0000141a        21
  __COM_memcpy_ff
                                  000013fa         0   none ,g         2
FILE=_COM_uidiv
                                  0000141b  00001445        2b
  __COM_uidiv
                                  0000141b         0   none ,g         c
FILE=_COM_imul
                                  00001446  00001454         f
  __COM_imul
                                  00001446         0   none ,g        47
FILE=_COM_lmul
                                  00001455  0000147c        28
  __COM_lmul
                                  00001455         0   none ,g        16
FILE=_COM_sidiv
                                  0000147d  000014a2        26
  __COM_sidiv
                                  0000147d         0   none ,g         3
FILE=_COM_ucdiv
                                  000014a3  000014cf        2d
  __COM_ucdiv
                                  000014a3         0   none ,g         3
FILE=_COM_uirem
                                  000014d0  000014fa        2b
  __COM_uirem
                                  000014d0         0   none ,g         6
FILE=_COM_uldiv
                                  000014fb  00001536        3c
  __COM_uldiv
                                  000014fb         0   none ,g        12
FILE=_COM_fdiv
                                  00001537  000016c3       18d
  __COM_fdiv
                                  00001596         0   none ,g         2
FILE=_COM_feq
                                  000016c4  000016d9        16
  __COM_feq
                                  000016c4         0   none ,g         2
FILE=_COM_fge
                                  000016da  000016ef        16
  __COM_fge
                                  000016da         0   none ,g         2
FILE=_COM_flt
                                  000016f0  00001705        16
  __COM_flt
                                  000016f0         0   none ,g         4
FILE=_COM_fmul
                                  00001706  00001822       11d
  __COM_fmul
                                  00001751         0   none ,g         3
FILE=_COM_fne
                                  00001823  00001833        11
  __COM_fne
                                  00001823         0   none ,g         3
FILE=_COM_ftosl
                                  00001834  0000183b         8
  __COM_ftosl
                                  00001834         0   none ,g         1
FILE=_COM_funordered
                                  0000183c  00001846         b
  __COM_funordered
                                  0000183c         0   none ,g         4
FILE=_COM_sirem
                                  00001847  00001868        22
  __COM_sirem
                                  00001847         0   none ,g         5
FILE=_COM_ucrem
                                  00001869  00001894        2c
  __COM_ucrem
                                  00001869         0   none ,g         1
FILE=_COM_ulldiv
                                  00001895  000018be        2a
  __COM_ulldiv
                                  00001895         0   none ,g         1
FILE=_COM_ullrem
                                  000018bf  000018ef        31
  __COM_ullrem
                                  000018bf         0   none ,g         1
FILE=_COM_ulrem
                                  000018f0  00001929        3a
  __COM_ulrem
                                  000018f0         0   none ,g         2
FILE=_REL_fcmp
                                  0000192a  00001961        38
  __REL_fcmp
                                  0000192a         0   none ,g         3
FILE=_REL_fordered_core
                                  00001962  0000197d        1c
  __REL_fordered_core
                                  00001962         0   none ,g         4
FILE=_REL_ftol
                                  0000197e  000019b2        35
  __REL_ftol
                                  0000197e         0   none ,g         1
FILE=_REL_f_inf
                                  000019b3  000019ba         8
  __REL_f_inf
                                  000019b3         0   none ,g         4
FILE=_REL_f_norm
                                  000019bb  000019ca        10
  __REL_f_norm
                                  000019bb         0   none ,g         3
FILE=_REL_f_round
                                  000019cb  000019dd        13
  __REL_f_round
                                  000019cb         0   none ,g         2
FILE=_REL_lldiv
                                  000019de  00001cb9       2dc
  __REL_lldiv
                                  00001a13         0   none ,g         1
FILE=_REL_llrem
                                  00001cba  00001f8f       2d6
  __REL_llrem
                                  00001cf0         0   none ,g         1
FILE=_REL_ltosl
                                  00001f90  00001fb4        25
  __REL_ltosl
                                  00001f90         0   none ,g         1
FILE=_COM_lshr
                                  00001fb5  00001fc9        15
  __COM_lshr
                                  00001fb5         0   none ,g         1

SECTION=MAINCODE_f
FILE=.\Project_Source\renesas\src\arch\rl78\main.obj
                                  00001fca  000020bf        f6
  _init_data_section_area
                                  00001fca        84   func ,g         1  ch
  _main
                                  0000204e        34   func ,g         1  ch
  _arch_main
                                  00002082         c   func ,g         1
  _platform_reset
                                  0000208e         f   func ,g         3
  _wakeup_init
                                  0000209d         1   func ,g         1
  _sleep_cont
                                  0000209e         d   func ,g         3
  _peak_start
                                  000020ab         1   func ,g         2
  _peak_end
                                  000020ac         1   func ,g         1
  _RBLE_User_Set_Params_call_func
                                  000020ad        13   func ,g         1

SECTION=DFL_CODE_f
FILE=.\Project_Source\renesas\src\driver\dataflash\dataflash.obj
                                  000020c0  0000240e       34f
  _dataflash_init
                                  000020c0        39   func ,g         1  ch
  _dataflash_start
                                  000020f9        63   func ,g         2  ch
  _dataflash_stop
                                  0000215c        2a   func ,g         2
  _dataflash_rw
                                  00002186        45   func ,g         2
  _dataflash_cleanup
                                  000021cb        33   func ,g         1
  _dataflash_format
                                  000021fe        43   func ,g         1  ch
  _dataflash_continue
                                  00002241        49   func ,g         1  ch
  _dataflash_get_space
                                  0000228a        20   func ,g         1  ch
  _dataflash_getver
                                  000022aa        77   func ,g         1  ch
  _dataflash_is_stopped
                                  00002321         e   func ,g         3
  _dataflash_errno@1
                                  0000232f        23   func ,l         5
  _dataflash_busy_handler@1
                                  00002352         c   func ,l         5  ch
  _flash_get_bda
                                  0000235e        8d   func ,g         1  ch
  __CommonCode@0
                                  000023eb         a   func ,l         3  ch
  __CommonCode@1
                                  000023f5        10   func ,l         4  ch
  __CommonCode@2
                                  00002405         a   func ,l         2  ch

SECTION=PLF_CODE_f
FILE=.\Project_Source\renesas\src\driver\plf\plf.obj
                                  0000240f  00002517       109
  _plf_init
                                  0000240f        f1   func ,g         1
  _plf_hoco_start
                                  00002500         e   func ,g         3
  _plf_hoco_stop
                                  0000250e         a   func ,g         3

SECTION=UARTCODE_f
FILE=.\Project_Source\renesas\src\driver\uart\uart.obj
                                  00002518  00002676       15f
  _serial_init
                                  00002518        cd   func ,g         1  ch
  _serial_read
                                  000025e5         f   func ,g         5
  _serial_write
                                  000025f4        19   func ,g         1
  _serial_stop_ready
                                  0000260d        38   func ,g         1
  _serial_stop_finish
                                  00002645        32   func ,g         1

SECTION=.const
FILE=.\Project_Source\rBLE\src\sample_profile\sam\sams.obj
                                  00003000  0000307e        7f
FILE=.\Project_Source\rBLE\src\sample_simple\console.obj
                                  00003080  00003096        17
  _console_state_handler
                                  00003080         8   data ,g         1
    struct ke_state_handler {
                                                   4
      _console_state_handler.msg_table
                                  00003080         4   [near pointer]
      _console_state_handler.msg_cnt
                                  00003082         2   unsigned short
    }
  _console_default_handler
                                  00003088         4   data ,g         1
    struct ke_state_handler {
                                                   4
      _console_default_handler.msg_table
                                  00003088         4   [near pointer]
      _console_default_handler.msg_cnt
                                  0000308a         2   unsigned short
    }
FILE=.\Project_Source\rBLE\src\sample_simple\rble_sample_app_peripheral.obj
                                  00003098  0000312c        95
  _app_reset_handler
                                  00003098         6   data ,g         1
    struct ke_msg_handler {
                                                   6
      _app_reset_handler.id
                                  00003098         2   unsigned short
      _app_reset_handler.func
                                  0000309a         4   [far pointer]
    }
  _app_nonconnect_handler
                                  0000309e        12   data ,g         1
    struct ke_msg_handler {
                                                   6
      _app_nonconnect_handler.id
                                  0000309e         2   unsigned short
      _app_nonconnect_handler.func
                                  000030a0         4   [far pointer]
    }
  _app_connect_handler
                                  000030b0         c   data ,g         1
    struct ke_msg_handler {
                                                   6
      _app_connect_handler.id
                                  000030b0         2   unsigned short
      _app_connect_handler.func
                                  000030b2         4   [far pointer]
    }
  _app_state_handler
                                  000030bc         c   data ,g         1
    struct ke_state_handler {
                                                   4
      _app_state_handler.msg_table
                                  000030bc         4   [near pointer]
      _app_state_handler.msg_cnt
                                  000030be         2   unsigned short
    }
  _app_default_handler
                                  000030c8         4   data ,g         1
    struct ke_state_handler {
                                                   4
      _app_default_handler.msg_table
                                  000030c8         4   [near pointer]
      _app_default_handler.msg_cnt
                                  000030ca         2   unsigned short
    }
FILE=.\Project_Source\renesas\src\arch\rl78\prf_config.obj
                                  0000312e  000032cb       19e
  _proxm_task_id
                                  0000312e         2   data ,g         e
  _proxr_task_id
                                  00003130         2   data ,g         9
  _findl_task_id
                                  00003132         2   data ,g         9
  _findt_task_id
                                  00003134         2   data ,g         9
  _anpc_task_id
                                  00003136         2   data ,g         e
  _anps_task_id
                                  00003138         2   data ,g         d
  _lls_svc@1
                                  0000313a         2   data ,l         1
  _lls_alert_lvl_char@2
                                  0000313c         5   data ,l         1
    struct atts_char_desc {
                                                   5
      _lls_alert_lvl_char@2.prop
                                  0000313c         1   unsigned char
      _lls_alert_lvl_char@2.attr_hdl
                                  0000313d         2   unsigned char
      _lls_alert_lvl_char@2.attr_type
                                  0000313f         2   unsigned char
    }
  _tps_svc@3
                                  00003142         2   data ,l         1
  _tps_txpw_lvl_char@4
                                  00003144         5   data ,l         1
    struct atts_char_desc {
                                                   5
      _tps_txpw_lvl_char@4.prop
                                  00003144         1   unsigned char
      _tps_txpw_lvl_char@4.attr_hdl
                                  00003145         2   unsigned char
      _tps_txpw_lvl_char@4.attr_type
                                  00003147         2   unsigned char
    }
  _ias_svc@5
                                  0000314a         2   data ,l         1
  _ias_alert_lvl_char@6
                                  0000314c         5   data ,l         1
    struct atts_char_desc {
                                                   5
      _ias_alert_lvl_char@6.prop
                                  0000314c         1   unsigned char
      _ias_alert_lvl_char@6.attr_hdl
                                  0000314d         2   unsigned char
      _ias_alert_lvl_char@6.attr_type
                                  0000314f         2   unsigned char
    }
  _ans_alert_ntf_svc
                                  00003152         2   data ,g         1
  _ans_supp_new_alert_char
                                  00003154         5   data ,g         1
    struct atts_char_desc {
                                                   5
      _ans_supp_new_alert_char.prop
                                  00003154         1   unsigned char
      _ans_supp_new_alert_char.attr_hdl
                                  00003155         2   unsigned char
      _ans_supp_new_alert_char.attr_type
                                  00003157         2   unsigned char
    }
  _ans_new_alert_char
                                  00003159         5   data ,g         1
    struct atts_char_desc {
                                                   5
      _ans_new_alert_char.prop
                                  00003159         1   unsigned char
      _ans_new_alert_char.attr_hdl
                                  0000315a         2   unsigned char
      _ans_new_alert_char.attr_type
                                  0000315c         2   unsigned char
    }
  _ans_supp_unread_alert_char
                                  0000315e         5   data ,g         1
    struct atts_char_desc {
                                                   5
      _ans_supp_unread_alert_char.prop
                                  0000315e         1   unsigned char
      _ans_supp_unread_alert_char.attr_hdl
                                  0000315f         2   unsigned char
      _ans_supp_unread_alert_char.attr_type
                                  00003161         2   unsigned char
    }
  _ans_unread_alert_char
                                  00003163         5   data ,g         1
    struct atts_char_desc {
                                                   5
      _ans_unread_alert_char.prop
                                  00003163         1   unsigned char
      _ans_unread_alert_char.attr_hdl
                                  00003164         2   unsigned char
      _ans_unread_alert_char.attr_type
                                  00003166         2   unsigned char
    }
  _ans_alert_ntf_cp_char
                                  00003168         5   data ,g         1
    struct atts_char_desc {
                                                   5
      _ans_alert_ntf_cp_char.prop
                                  00003168         1   unsigned char
      _ans_alert_ntf_cp_char.attr_hdl
                                  00003169         2   unsigned char
      _ans_alert_ntf_cp_char.attr_type
                                  0000316b         2   unsigned char
    }
  _ans_supp_new_alert@7
                                  0000316d         2   data ,l         1
  _ans_supp_unread_alert@8
                                  0000316f         2   data ,l         1
  _sams_svc@9
                                  00003171        10   data ,l         1
  _switch_state_char@10
                                  00003181        13   data ,l         1
    struct atts_char128_desc {
                                                  13
      _switch_state_char@10.prop
                                  00003181         1   unsigned char
      _switch_state_char@10.attr_hdl
                                  00003182         2   unsigned char
      _switch_state_char@10.attr_type
                                  00003184        10   unsigned char
    }
  _led_control_char@11
                                  00003194        13   data ,l         1
    struct atts_char128_desc {
                                                  13
      _led_control_char@11.prop
                                  00003194         1   unsigned char
      _led_control_char@11.attr_hdl
                                  00003195         2   unsigned char
      _led_control_char@11.attr_type
                                  00003197        10   unsigned char
    }
  _atts_desc_list_prf
                                  000031a8       122   data ,g         2
    struct atts_desc {
                                                   a
      _atts_desc_list_prf.type
                                  000031a8         2   unsigned short
      _atts_desc_list_prf.maxlength
                                  000031aa         1   unsigned char
      _atts_desc_list_prf.length
                                  000031ab         1   unsigned char
      _atts_desc_list_prf.taskid
                                  000031ac         2   unsigned short
      _atts_desc_list_prf.perm
                                  000031ae         2   unsigned short
      _atts_desc_list_prf.value
                                  000031b0         4   [near pointer]
    }
  _ATT_PRF_DB_SIZE
                                  000032ca         2   data ,g         1
FILE=.\Project_Source\renesas\src\arch\rl78\rble_core_config.obj
                                  000032cc  0000331f        54
  _rble_core_sel_handler_table_ent
                                  000032cc        1c   data ,g         1
    struct RBLE_CORE_SEL_PROF_HANDLER_t {
                                                   4
      _rble_core_sel_handler_table_ent.prof_handler
                                  000032cc         4   [near pointer]
      _rble_core_sel_handler_table_ent.handler_size_num
                                  000032ce         4   [near pointer]
    }
  _prof_init_table_ent
                                  000032e8        1c   data ,g         1
  _rble_prof_version_table_ent
                                  00003304        1c   data ,g         1
    struct RBLE_PROF_VERSION_t {
                                                   4
      _rble_prof_version_table_ent.major_ver
                                  00003304         4   [near pointer]
      _rble_prof_version_table_ent.minor_ver
                                  00003306         4   [near pointer]
    }
FILE=rble_api_modem_fmpl
                                  00003320  00003334        15
  _rble_fmpl_handler
                                  00003320        12   data ,g         1
  _rble_fmpl_handler_size
                                  00003332         1   data ,g         1
  _fmpl_major_ver
                                  00003333         1   data ,g         1
  _fmpl_minor_ver
                                  00003334         1   data ,g         1
FILE=rble_api_modem_fmpt
                                  00003336  0000334a        15
  _rble_fmpt_handler
                                  00003336        12   data ,g         1
  _rble_fmpt_handler_size
                                  00003348         1   data ,g         1
  _fmpt_major_ver
                                  00003349         1   data ,g         1
  _fmpt_minor_ver
                                  0000334a         1   data ,g         1
FILE=findt_task
                                  0000334c  00003375        2a
  _findt_idle
                                  0000334c         c   data ,g         1
  _findt_connected
                                  00003358        12   data ,g         1
  _findt_state_handler
                                  0000336a         8   data ,g         1
    struct ke_state_handler {
                                                   4
      _findt_state_handler.msg_table
                                  0000336a         4   [near pointer]
      _findt_state_handler.msg_cnt
                                  0000336c         2   unsigned short
    }
  _findt_default_handler
                                  00003372         4   data ,g         1
    struct ke_state_handler {
                                                   4
      _findt_default_handler.msg_table
                                  00003372         4   [near pointer]
      _findt_default_handler.msg_cnt
                                  00003374         2   unsigned short
    }
FILE=findl_task
                                  00003376  000033ab        36
  _findl_idle
                                  00003376         6   data ,g         1
  _findl_connected
                                  0000337c        24   data ,g         1
  _findl_state_handler
                                  000033a0         8   data ,g         1
    struct ke_state_handler {
                                                   4
      _findl_state_handler.msg_table
                                  000033a0         4   [near pointer]
      _findl_state_handler.msg_cnt
                                  000033a2         2   unsigned short
    }
  _findl_default_handler
                                  000033a8         4   data ,g         1
    struct ke_state_handler {
                                                   4
      _findl_default_handler.msg_table
                                  000033a8         4   [near pointer]
      _findl_default_handler.msg_cnt
                                  000033aa         2   unsigned short
    }
FILE=rble_api_modem_pxpm
                                  000033ac  000033cc        21
  _rble_pxpm_handler
                                  000033ac        1e   data ,g         1
  _rble_pxpm_handler_size
                                  000033ca         1   data ,g         1
  _pxpm_major_ver
                                  000033cb         1   data ,g         1
  _pxpm_minor_ver
                                  000033cc         1   data ,g         1
FILE=rble_api_modem_pxpr
                                  000033ce  000033e2        15
  _rble_pxpr_handler
                                  000033ce        12   data ,g         1
  _rble_pxpr_handler_size
                                  000033e0         1   data ,g         1
  _pxpr_major_ver
                                  000033e1         1   data ,g         1
  _pxpr_minor_ver
                                  000033e2         1   data ,g         1
FILE=proxr_task
                                  000033e4  00003413        30
  _proxr_idle
                                  000033e4        12   data ,g         1
  _proxr_connected
                                  000033f6        12   data ,g         1
  _proxr_state_handler
                                  00003408         8   data ,g         1
    struct ke_state_handler {
                                                   4
      _proxr_state_handler.msg_table
                                  00003408         4   [near pointer]
      _proxr_state_handler.msg_cnt
                                  0000340a         2   unsigned short
    }
  _proxr_default_handler
                                  00003410         4   data ,g         1
    struct ke_state_handler {
                                                   4
      _proxr_default_handler.msg_table
                                  00003410         4   [near pointer]
      _proxr_default_handler.msg_cnt
                                  00003412         2   unsigned short
    }
FILE=proxm_task
                                  00003414  00003465        52
  _proxm_idle
                                  00003414         6   data ,g         1
  _proxm_connected
                                  0000341a        2a   data ,g         1
  _proxm_discovering
                                  00003444        12   data ,g         1
  _proxm_state_handler
                                  00003456         c   data ,g         1
    struct ke_state_handler {
                                                   4
      _proxm_state_handler.msg_table
                                  00003456         4   [near pointer]
      _proxm_state_handler.msg_cnt
                                  00003458         2   unsigned short
    }
  _proxm_default_handler
                                  00003462         4   data ,g         1
    struct ke_state_handler {
                                                   4
      _proxm_default_handler.msg_table
                                  00003462         4   [near pointer]
      _proxm_default_handler.msg_cnt
                                  00003464         2   unsigned short
    }
FILE=rble_api_modem_anpc
                                  00003466  00003492        2d
  _rble_anpc_handler
                                  00003466        2a   data ,g         1
  _rble_anpc_handler_size
                                  00003490         1   data ,g         1
  _anpc_major_ver
                                  00003491         1   data ,g         1
  _anpc_minor_ver
                                  00003492         1   data ,g         1
FILE=rble_api_modem_anps
                                  00003494  000034c0        2d
  _rble_anps_handler
                                  00003494        2a   data ,g         1
  _rble_anps_handler_size
                                  000034be         1   data ,g         1
  _anps_major_ver
                                  000034bf         1   data ,g         1
  _anps_minor_ver
                                  000034c0         1   data ,g         1
FILE=anps_task
                                  000034c2  000034f7        36
  _anps_idle
                                  000034c2         c   data ,g         1
  _anps_connected
                                  000034ce        1e   data ,g         1
  _anps_state_handler
                                  000034ec         8   data ,g         1
    struct ke_state_handler {
                                                   4
      _anps_state_handler.msg_table
                                  000034ec         4   [near pointer]
      _anps_state_handler.msg_cnt
                                  000034ee         2   unsigned short
    }
  _anps_default_handler
                                  000034f4         4   data ,g         1
    struct ke_state_handler {
                                                   4
      _anps_default_handler.msg_table
                                  000034f4         4   [near pointer]
      _anps_default_handler.msg_cnt
                                  000034f6         2   unsigned short
    }
FILE=anpc_task
                                  000034f8  00003561        6a
  _anpc_idle
                                  000034f8         6   data ,g         1
  _anpc_connected
                                  000034fe        36   data ,g         1
  _anpc_discovering
                                  00003534        1e   data ,g         1
  _anpc_state_handler
                                  00003552         c   data ,g         1
    struct ke_state_handler {
                                                   4
      _anpc_state_handler.msg_table
                                  00003552         4   [near pointer]
      _anpc_state_handler.msg_cnt
                                  00003554         2   unsigned short
    }
  _anpc_default_handler
                                  0000355e         4   data ,g         1
    struct ke_state_handler {
                                                   4
      _anpc_default_handler.msg_table
                                  0000355e         4   [near pointer]
      _anpc_default_handler.msg_cnt
                                  00003560         2   unsigned short
    }

SECTION=ACS_TBL_n
FILE=.\Project_Source\renesas\src\arch\rl78\arch_main.obj
                                  00003562  00003595        34
  _access_table_ent
                                  00003562        28   data ,g         6

SECTION=TSK_DESC_n
FILE=.\Project_Source\renesas\src\arch\rl78\ke_conf_simple.obj
                                  00003596  00003705       170
  _ke_evt_hdlr_ent
                                  00003596        80   data ,g         1
  _TASK_DESC_ent
                                  00003616        f0   data ,g         1
    struct ke_task_desc {
                                                   a
      _TASK_DESC_ent.state_handler
                                  00003616         4   [near pointer]
      _TASK_DESC_ent.default_handler
                                  00003618         4   [near pointer]
      _TASK_DESC_ent.state
                                  0000361a         4   [near pointer]
      _TASK_DESC_ent.state_max
                                  0000361c         2   unsigned short
      _TASK_DESC_ent.idx_max
                                  0000361e         2   unsigned short
    }

SECTION=MAINCNST_n
FILE=.\Project_Source\renesas\src\arch\rl78\main.obj
                                  00003706  00003721        1c

SECTION=HDB_CNST_n
FILE=.\Project_Source\renesas\src\arch\rl78\prf_config_host.obj
                                  00003722  000037bd        9c
  _gap_svc@1
                                  00003722         2   data ,l         1
  _devname@2
                                  00003724         5   data ,l         1
    struct atts_char_desc {
                                                   5
      _devname@2.prop
                                  00003724         1   unsigned char
      _devname@2.attr_hdl
                                  00003725         2   unsigned char
      _devname@2.attr_type
                                  00003727         2   unsigned char
    }
  _icon@3
                                  00003729         5   data ,l         1
    struct atts_char_desc {
                                                   5
      _icon@3.prop
                                  00003729         1   unsigned char
      _icon@3.attr_hdl
                                  0000372a         2   unsigned char
      _icon@3.attr_type
                                  0000372c         2   unsigned char
    }
  _slave_param_ch@4
                                  0000372e         5   data ,l         1
    struct atts_char_desc {
                                                   5
      _slave_param_ch@4.prop
                                  0000372e         1   unsigned char
      _slave_param_ch@4.attr_hdl
                                  0000372f         2   unsigned char
      _slave_param_ch@4.attr_type
                                  00003731         2   unsigned char
    }
  _slave_param@5
                                  00003733         8   data ,l         1
    struct atts_slv_pref {
                                                   8
      _slave_param@5.con_intv_max
                                  00003733         2   unsigned char
      _slave_param@5.con_intv_min
                                  00003735         2   unsigned char
      _slave_param@5.slave_latency
[...]
                                 00000ec6 0153(00000d60:EEL_CODE)
                                          0153(00000dc8:EEL_CODE)
                                          0153(00000e3d:EEL_CODE)
                                          0157(00000ed6:EEL_CODE)
                                          0158(0000114d:EEL_CODE)
                                          0158(0000117e:EEL_CODE)
                                          0159(0000123b:EEL_CODE)
                 _EEL_FDL_IV_CMD_STATE_0
                                 00000eca 0156(00000ea5:EEL_CODE)
                                          0157(00000ed8:EEL_CODE)
                                          0159(00001210:EEL_CODE)
                                          0159(000012d0:EEL_CODE)
                                          0159(000012f4:EEL_CODE)
                 _EEL_FDL_WR_SEQUENCE_CMD_STATE_0
                                 00000ece 0157(00000f29:EEL_CODE)
                 _EEL_FDL_ER_CMD_STATE_0
                                 00000ee5 0153(00000d8f:EEL_CODE)
                                          0158(00000ffa:EEL_CODE)
                 _EEL_FDL_CMD_STATE_0
                                 00000ee9 0157(00000ee4:EEL_CODE)
                                          0157(00000eea:EEL_CODE)
                                          0157(00000f3e:EEL_CODE)
                 _EEL_FDL_CMD_STATE_1
                                 00000f13 0157(00000f05:EEL_CODE)
                 _EEL_FDL_CMD_STATE_2
                                 00000f7c 0157(00000f10:EEL_CODE)
                                          0157(00000f47:EEL_CODE)
                                          0157(00000f4f:EEL_CODE)
0158 eel_refresh
     SECTION=EEL_CODE
                 _EEL_REF_STATE_0
                                 00000f96 0138(000009f4:EEL_CODE)
                                          0158(00001178:EEL_CODE)
                 _EEL_REF_STATE_1
                                 00000fa4 0158(00000fa1:EEL_CODE)
                                          0158(00000fe1:EEL_CODE)
                                          0158(00001166:EEL_CODE)
                 _EEL_REF_STATE_2
                                 00000fd5 0158(00000fc5:EEL_CODE)
                 _EEL_REF_STATE_3
                                 00000ffd 0158(00000fee:EEL_CODE)
                 _EEL_REF_STATE_4
                                 00001019 0158(0000100d:EEL_CODE)
                 _EEL_REF_STATE_5
                                 00001032 0158(0000102f:EEL_CODE)
                                          0158(0000109b:EEL_CODE)
                 _EEL_REF_STATE_6
                                 00001091 0158(0000107c:EEL_CODE)
                                          0158(000010ce:EEL_CODE)
                 _EEL_REF_STATE_7
                                 000010c0 0158(000010a6:EEL_CODE)
                 _EEL_REF_STATE_8
                                 000010dd 0158(0000103b:EEL_CODE)
                 _EEL_REF_STATE_9
                                 000010f5 0158(000010e9:EEL_CODE)
                 _EEL_REF_STATE_10
                                 0000110b 0158(00001108:EEL_CODE)
                                          0158(00001138:EEL_CODE)
                 _EEL_REF_STATE_11
                                 00001119 0158(0000110c:EEL_CODE)
                 _EEL_REF_STATE_12
                                 00001140 0158(0000113d:EEL_CODE)
                 _EEL_REF_STATE_13
                                 0000115c 0158(00001010:EEL_CODE)
                                          0158(00001082:EEL_CODE)
                                          0158(000010d4:EEL_CODE)
                                          0158(000010ec:EEL_CODE)
                 _EEL_REF_STATE_14
                                 0000116e 0158(00000ff4:EEL_CODE)
                                          0158(0000116b:EEL_CODE)
0159 eel_startup
     SECTION=EEL_CODE
                 _EEL_SUP_STATE_0
                                 00001188 0138(000009ee:EEL_CODE)
                 _EEL_SUP_STATE_1
                                 000011b0 0159(000011ad:EEL_CODE)
                                          0159(000011d3:EEL_CODE)
                 _EEL_SUP_STATE_2
                                 000011c1 0159(000011b1:EEL_CODE)
                 _EEL_SUP_STATE_3
                                 000011d6 0159(000011c2:EEL_CODE)
                 _EEL_SUP_STATE_4
                                 000011f5 0159(000011f2:EEL_CODE)
                 _EEL_SUP_STATE_5a
                                 00001213 0159(000011f6:EEL_CODE)
                 _EEL_SUP_STATE_5b
                                 00001215 0159(000011fc:EEL_CODE)
                 _EEL_SUP_STATE_6
                                 00001241 0159(000011e0:EEL_CODE)
                                          0159(00001219:EEL_CODE)
                 _EEL_SUP_STATE_7
                                 0000125a 0159(00001257:EEL_CODE)
                                          0159(00001294:EEL_CODE)
                 _EEL_SUP_STATE_8
                                 00001268 0159(0000125b:EEL_CODE)
                 _EEL_SUP_STATE_9
                                 000012b4 0159(000012a9:EEL_CODE)
                 _EEL_SUP_STATE_10
                                 000012d3 0159(000012b5:EEL_CODE)
                 _EEL_SUP_STATE_11a
                                 000012f7 0159(000012bb:EEL_CODE)
                                          0159(000012e0:EEL_CODE)
                 _EEL_SUP_STATE_11
                                 00001302 0159(000012d4:EEL_CODE)
0160 eel_write
     SECTION=EEL_CODE
                 _EEL_WRR_STATE_0
                                 0000130c 0138(000009f0:EEL_CODE)
                 _EEL_WRR_STATE_1
                                 00001355 0160(00001346:EEL_CODE)
                 _EEL_WRR_STATE_2
                                 00001383 0160(00001374:EEL_CODE)
                 _EEL_WRR_STATE_3
                                 000013ac 0160(0000139d:EEL_CODE)
                 _EEL_WRR_STATE_4
                                 000013cc 0160(0000134c:EEL_CODE)
                                          0160(0000137a:EEL_CODE)
                                          0160(000013a3:EEL_CODE)
0161 isdigit
     SECTION=.SLIB
                 _isdigit
                                 00009080 0142(00009073:.SLIB)
0162 _COM_fdiv
     SECTION=.RLIB
                 __COM_fdiv
                                 00001596 0142(00007b5f:.SLIB)
                                          0142(00008214:.SLIB)
0163 _COM_feq
     SECTION=.RLIB
                 __COM_feq
                                 000016c4 0142(00007b07:.SLIB)
                                          0167(0000182c:.RLIB)
0164 _COM_fge
     SECTION=.RLIB
                 __COM_fge
                                 000016da 0142(00007b90:.SLIB)
                                          0142(0000824b:.SLIB)
0165 _COM_flt
     SECTION=.RLIB
                 __COM_flt
                                 000016f0 0142(00007b19:.SLIB)
                                          0142(00007b3f:.SLIB)
                                          0142(000081c0:.SLIB)
                                          0142(000081ef:.SLIB)
0166 _COM_fmul
     SECTION=.RLIB
                 __COM_fmul
                                 00001751 0142(00007bb0:.SLIB)
                                          0142(00007e25:.SLIB)
                                          0142(00008270:.SLIB)
0167 _COM_fne
     SECTION=.RLIB
                 __COM_fne
                                 00001823 0142(00007c47:.SLIB)
                                          0142(00007db1:.SLIB)
                                          0142(000081a9:.SLIB)
0168 _COM_ftosl
     SECTION=.RLIB
                 __COM_ftosl
                                 00001834 0142(00007e3f:.SLIB)
0169 _COM_funordered
     SECTION=.RLIB
                 __COM_funordered
                                 0000183c 0142(00007b2e:.SLIB)
                                          0142(00007b7f:.SLIB)
                                          0142(000081dc:.SLIB)
                                          0142(00008238:.SLIB)
0170 _COM_sirem
     SECTION=.RLIB
                 __COM_sirem
                                 00001847 0104(000223b1:CNT_CODE_f)
                                          0108(00023948:CNT_CODE_f)
                                          0108(00023962:CNT_CODE_f)
                                          0111(00024659:CNT_CODE_f)
                                          0142(00008351:.SLIB)
0171 _COM_ucrem
     SECTION=.RLIB
                 __COM_ucrem
                                 00001869 0108(0002398f:CNT_CODE_f)
0172 _COM_ulldiv
     SECTION=.RLIB
                 __COM_ulldiv
                                 00001895 0142(00007632:.SLIB)
0173 _COM_ullrem
     SECTION=.RLIB
                 __COM_ullrem
                                 000018bf 0142(0000760b:.SLIB)
0174 _COM_ulrem
     SECTION=.RLIB
                 __COM_ulrem
                                 000018f0 0107(00023237:CNT_CODE_f)
                                          0142(000076a6:.SLIB)
0175 _REL_fcmp
     SECTION=.RLIB
                 __REL_fcmp
                                 0000192a 0163(000016ce:.RLIB)
                                          0164(000016e4:.RLIB)
                                          0165(000016fa:.RLIB)
0176 _REL_fordered_core
     SECTION=.RLIB
                 __REL_fordered_core
                                 00001962 0163(000016c7:.RLIB)
                                          0164(000016dd:.RLIB)
                                          0165(000016f3:.RLIB)
                                          0169(0000183f:.RLIB)
0177 _REL_ftol
     SECTION=.RLIB
                 __REL_ftol
                                 0000197e 0168(00001835:.RLIB)
0178 _REL_f_inf
     SECTION=.RLIB
                 __REL_f_inf
                                 000019b3 0162(00001580:.RLIB)
                                          0162(0000167f:.RLIB)
                                          0166(00001723:.RLIB)
                                          0166(000017f6:.RLIB)
0179 _REL_f_norm
     SECTION=.RLIB
                 __REL_f_norm
                                 000019bb 0162(00001561:.RLIB)
                                          0162(0000158c:.RLIB)
                                          0166(00001744:.RLIB)
0180 _REL_f_round
     SECTION=.RLIB
                 __REL_f_round
                                 000019cb 0162(000016c1:.RLIB)
                                          0166(00001803:.RLIB)
0181 _REL_lldiv
     SECTION=.RLIB
                 __REL_lldiv
                                 00001a13 0172(000018bc:.RLIB)
0182 _REL_llrem
     SECTION=.RLIB
                 __REL_llrem
                                 00001cf0 0173(000018ed:.RLIB)
0183 _REL_ltosl
     SECTION=.RLIB
                 __REL_ltosl
                                 00001f90 0168(00001839:.RLIB)
0184 _COM_lshr
     SECTION=.RLIB
                 __COM_lshr
                                 00001fb5 0177(000019aa:.RLIB)
0185 rlink_generates_01
     SECTION=.option_byte
0186 rlink_generates_02
     SECTION=.monitor1
     SECTION=.monitor2
0187 rlink_generates_03
     SECTION=.security_id
0188 rlink_generates_04
     SECTION=.vect
0189 rlink_generates_05
     SECTION=
                 __s.vect
                                 00000000
                 __s.sdata
                                 00000080
                 __e.sdata
                                 00000080
                 __s.callt0
                                 00000080
                 __e.vect
                                 00000080
                 __s.constf
                                 0000009e
                 __e.callt0
                                 0000009e
                 __e.constf
                                 000000b2
                 __sMAIN_CN0_f
                                 000000b2
                 __eMAIN_CN0_f
                                 000000b4
                 __sMAIN_CN1_f
                                 000000b4
                 __eMAIN_CN1_f
                                 000000b6
                 __sEEL_CNST_f
                                 000000b6
                 __eEEL_CNST_f
                                 000000ba
                 __s.option_byte
                                 000000c0
                 __e.option_byte
                                 000000c4
                 __s.security_id
                                 000000c4
                 __s.monitor1
                                 000000ce
                 __e.security_id
                                 000000ce
                 __sDFL_CNST_f
                                 000000d8
                 __e.monitor1
                                 000000d8
                 __eDFL_CNST_f
                                 000000f6
                 __sFDL_CNST_f
                                 000000f6
                 __s.data
                                 00000100
                 __eFDL_CNST_f
                                 00000100
                 __e.data
                                 000001c4
                 __sROM_BOOT0
                                 000001c4
                 __eROM_BOOT0
                                 00000212
                 __s.text
                                 00000212
                 __e.text
                                 0000021a
                 __sUARTCODE_n
                                 0000021a
                 __eUARTCODE_n
                                 000002ca
                 __sHST_CODE_n
                                 000002ca
                 __eHST_CODE_n
                                 0000034b
                 __sCNT_CODE_n
                                 0000034b
                 __eCNT_CODE_n
                                 0000070d
                 __sRBL_CODE_n
                                 0000070d
                 __eRBL_CODE_n
                                 0000073d
                 __sFDL_CODE
                                 00000742
                 __eFDL_CODE
                                 00000966
                 __sEEL_CODE
                                 00000966
                 __s.RLIB
                                 000013db
                 __eEEL_CODE
                                 000013db
                 __e.RLIB
                                 00001fca
                 __sMAINCODE_f
                                 00001fca
                 __eMAINCODE_f
                                 000020c0
                 __sDFL_CODE_f
                                 000020c0
                 __eDFL_CODE_f
                                 0000240f
                 __sPLF_CODE_f
                                 0000240f
                 __ePLF_CODE_f
                                 00002518
                 __sUARTCODE_f
                                 00002518
                 __eUARTCODE_f
                                 00002677
                 __s.const
                                 00003000
                 __e.const
                                 00003562
                 __sACS_TBL_n
                                 00003562
                 __eACS_TBL_n
                                 00003596
                 __sTSK_DESC_n
                                 00003596
                 __eTSK_DESC_n
                                 00003706
                 __sMAINCNST_n
                                 00003706
                 __eMAINCNST_n
                                 00003722
                 __sHDB_CNST_n
                                 00003722
                 __eHDB_CNST_n
                                 000037be
                 __sCLK_TBL_n
                                 000037be
                 __eCLK_TBL_n
                                 000037ca
                 __sHST_CNST_n
                                 000037ca
                 __eHST_CNST_n
                                 000041e2
                 __sCNT_CNST_n
                                 000041e2
                 __eCNT_CNST_n
                                 00004740
                 __sRBL_CNST_n
                                 00004740
                 __s.textf
                                 00004998
                 __eRBL_CNST_n
                                 00004998
                 __e.textf
                                 0000710a
                 __s.SLIB
                                 0000710a
                 __e.SLIB
                                 0000908a
                 __sRBL_CODE_f
                                 0000908a
                 __eRBL_CODE_f
                                 0000a753
                 __s.monitor2
                                 0000fe00
                 __sHST_CODE_f
                                 00010000
                 __e.monitor2
                                 00010000
                 __eHST_CODE_f
                                 0001aaae
                 __sCNT_CODE_f
                                 0001aaae
                 __eCNT_CODE_f
                                 00025d53
                 __RAM_ADDR_START
                                 000faf00
                 __s.bss
                                 000fb300
                 __e.bss
                                 000fd6a6
                 __s.dataR
                                 000fd6a6
                 __e.dataR
                                 000fd76a
                 __sCNT_DATA_n
                                 000fd76a
                 __eCNT_DATA_n
                                 000fdd94
                 __sHDB_DATA_n
                                 000fdd94
                 __eHDB_DATA_n
                                 000fddfc
                 __sHST_DATA_n
                                 000fddfc
                 __eHST_DATA_n
                                 000fe050
                 __sRBL_DATA_n
                                 000fe050
                 __eRBL_DATA_n
                                 000fe092
                 __sDFL_DATA_n
                                 000fe092
                 __eDFL_DATA_n
                                 000fe09a
                 __sUARTDATA_n
                                 000fe09a
                 __eUARTDATA_n
                                 000fe0b0
                 __sMAINDATA_n
                                 000fe0b0
                 __eMAINDATA_n
                                 000fe0be
                 __STACK_ADDR_END
                                 000fe0be
                 __s.sbss
                                 000ffe20
                 __e.sbss
                                 000ffe20
                 __s.sdataR
                                 000ffe20
                 __e.sdataR
                                 000ffe20
                 __sFDL_SDAT
                                 000ffe20
                 __STACK_ADDR_START
                                 000ffe20 0001(000001c6:ROM_BOOT0)
                 __eFDL_SDAT
                                 000ffe22
                 __sEEL_SDAT
                                 000ffe22
                 __eEEL_SDAT
                                 000ffe23
                 __RAM_ADDR_END
                                 000ffee0
