Renesas Optimizing Linker (V3.00.00 )             01-Apr-2019 09:25:42

*** Options ***

-subcommand=LinkerrBLE_Mdm_CCRL.tmp
-device="C:\Renesas\e2_studio\DebugComp\\RL78\RL78\Common\DR5F11AGJ.DVF"
-list="rBLE_Mdm_CCRL.map"
-show=all
-optimize=branch
-entry=_start
-auto_section_layout
-security_id=00000000000000000000
-debug_monitor=fe00-ffff
-user_opt_byte=efffaa
-ocdbg=85
-self
-input=".\Project_Source/renesas/src/compiler/ccrl\cstart.obj"
-input=".\Project_Source/rBLE/src/sample_app\rble_fw_up_receiver_app.obj"
-input=".\Project_Source/rBLE/src/sample_profile/fwup\fwupr.obj"
-input=".\Project_Source/renesas/src/arch/rl78\arch_main.obj"
-input=".\Project_Source/renesas/src/arch/rl78\fw_update_count0.obj"
-input=".\Project_Source/renesas/src/arch/rl78\fw_update_count1.obj"
-input=".\Project_Source/renesas/src/arch/rl78\ke_conf.obj"
-input=".\Project_Source/renesas/src/arch/rl78\main.obj"
-input=".\Project_Source/renesas/src/arch/rl78\prf_config.obj"
-input=".\Project_Source/renesas/src/arch/rl78\prf_config_host.obj"
-input=".\Project_Source/renesas/src/arch/rl78\rble_core_config.obj"
-input=".\Project_Source/renesas/src/arch/rl78\rble_modem_config.obj"
-input=".\Project_Source/renesas/src/arch/rl78\rwble_mem.obj"
-input=".\Project_Source/renesas/src/driver/DTM2Wire\DTM2Wire.obj"
-input=".\Project_Source/renesas/src/driver/codeflash\codeflash.obj"
-input=".\Project_Source/renesas/src/driver/dataflash\dataflash.obj"
-input=".\Project_Source/renesas/src/driver/dataflash\eel_descriptor_t02.obj"
-input=".\Project_Source/renesas/src/driver/dataflash\fdl_descriptor_t02.obj"
-input=".\Project_Source/renesas/src/driver/led\led.obj"
-input=".\Project_Source/renesas/src/driver/peak\peak_isr.obj"
-input=".\Project_Source/renesas/src/driver/plf\plf.obj"
-input=".\Project_Source/renesas/src/driver/push_sw\push_sw.obj"
-input=".\Project_Source/renesas/src/driver/uart\uart.obj"
-input=".\Project_Source/renesas/src/driver/wakeup\wakeup.obj"
-library="..\..\..\..\..\..\lib\BLE_HOST_lib_CCRL.lib"
-library="..\..\..\..\..\..\lib\BLE_CONTROLLER_LIB_CCRL.lib"
-library="..\..\..\..\..\..\lib\BLE_rBLE_lib_CCRL.lib"
-library="..\..\..\..\..\..\lib\BLE_PROFILE_BLP_LIB_CCRL.lib"
-library="..\..\..\..\..\..\lib\BLE_PROFILE_FMP_LIB_CCRL.lib"
-library="..\..\..\..\..\..\lib\BLE_PROFILE_HGP_LIB_CCRL.lib"
-library="..\..\..\..\..\..\lib\BLE_PROFILE_HTP_LIB_CCRL.lib"
-library="..\..\..\..\..\..\lib\BLE_PROFILE_PXP_LIB_CCRL.lib"
-library="..\..\..\..\..\..\lib\BLE_PROFILE_SCP_LIB_CCRL.lib"
-library="..\..\..\..\..\..\lib\BLE_PROFILE_HRP_LIB_CCRL.lib"
-library="..\..\..\..\..\..\lib\BLE_PROFILE_CSP_LIB_CCRL.lib"
-library="..\..\..\..\..\..\lib\BLE_PROFILE_GLP_LIB_CCRL.lib"
-library="..\..\..\..\..\..\lib\BLE_PROFILE_CPP_LIB_CCRL.lib"
-library="..\..\..\..\..\..\lib\BLE_PROFILE_TIP_LIB_CCRL.lib"
-library="..\..\..\..\..\..\lib\BLE_PROFILE_ANP_LIB_CCRL.lib"
-library="..\..\..\..\..\..\lib\BLE_PROFILE_LNP_LIB_CCRL.lib"
-library="..\..\..\..\..\..\lib\BLE_PROFILE_PAP_LIB_CCRL.lib"
-library="..\..\..\..\..\..\lib\BLE_PROFILE_RSP_LIB_CCRL.lib"
-library="..\..\..\..\..\..\lib\BLE_PROFILES_COMMON_LIB_CCRL.lib"
-library="..\..\..\..\..\..\src\driver\dataflash\cc_rl\fdl.lib"
-library="..\..\..\..\..\..\src\driver\dataflash\cc_rl\eel.lib"
-library="..\..\..\..\..\..\src\driver\codeflash\cc_rl\fsl.lib"
-library="C:\Program Files (x86)\Renesas\RL78\1_7_0\lib\rl78cm4s.lib"
-library="C:\Program Files (x86)\Renesas\RL78\1_7_0\lib\rl78cm4r.lib"
-library="C:\Program Files (x86)\Renesas\RL78\1_7_0\lib\malloc_n.lib"
-output="rBLE_Mdm_CCRL.abs"
-debug
-nocompress
-rom=.data=.dataR,.sdata=.sdataR
-stack
-nomessage
-NOMessage
-Total_size
-NOLOgo

*** Error information ***

*** Mapping List ***

SECTION                            START      END         SIZE   ALIGN
.vect
                                  00000000  0000007f        80   0
.callt0
                                  00000080  0000009d        1e   2
.constf
                                  00000080  00000080         0   2
.sdata
                                  00000080  00000080         0   2
MAIN_CN0_f
                                  0000009e  0000009f         2   2
MAIN_CN1_f
                                  000000a0  000000a1         2   2
DFL_CNST_f
                                  000000a2  000000bf        1e   2
.option_byte
                                  000000c0  000000c3         4   1
.security_id
                                  000000c4  000000cd         a   1
.monitor1
                                  000000ce  000000d7         a   1
EEL_CNST_f
                                  000000d8  000000db         4   2
FDL_CNST_f
                                  000000dc  000000e5         a   2
.data
                                  000000e6  0000015b        76   2
ROM_BOOT0
                                  0000015c  000001a9        4e   1
.text
                                  000001aa  000001c3        1a   1
UARTCODE_n
                                  000001c4  00000273        b0   1
HST_CODE_n
                                  00000274  000002f4        81   1
CNT_CODE_n
                                  000002f5  000006b6       3c2   1
RBL_CODE_n
                                  000006b7  000006e6        30   1
FDL_CODE
                                  000006ec  0000090f       224   2
EEL_CODE
                                  00000910  00001384       a75   2
.RLIB
                                  00001385  00001568       1e4   1
.SLIB
                                  00001569  000015a6        3e   1
MAINCODE_f
                                  000015a7  000016ab       105   1
DFL_CODE_f
                                  000016ac  000019fa       34f   1
PLF_CODE_f
                                  000019fb  00001aa6        ac   1
UARTCODE_f
                                  00001aa7  00001c05       15f   1
.const
                                  00003000  0000345d       45e   2
ACS_TBL_n
                                  0000345e  00003491        34   2
TSK_DESC_n
                                  00003492  00003601       170   2
MAINCNST_n
                                  00003602  0000361f        1e   2
HDB_CNST_n
                                  00003620  000036bb        9c   2
CLK_TBL_n
                                  000036bc  000036c7         c   2
HST_CNST_n
                                  000036c8  000040df       a18   2
CNT_CNST_n
                                  000040e0  0000463d       55e   2
RBL_CNST_n
                                  0000463e  00004895       258   2
.textf
                                  00004896  00006e60      25cb   1
RBL_CODE_f
                                  00006e61  0000a6be      385e   1
.monitor2
                                  0000fe00  0000ffff       200   1
HST_CODE_f
                                  00010000  0001aab4      aab5   1
CNT_CODE_f
                                  0001aab5  00025d59      b2a5   1
.bss
                                  000fb300  000fd50b      220c   2
.dataR
                                  000fd50c  000fd581        76   2
CNT_DATA_n
                                  000fd582  000fdbab       62a   2
HDB_DATA_n
                                  000fdbac  000fdc13        68   2
HST_DATA_n
                                  000fdc14  000fde67       254   2
RBL_DATA_n
                                  000fde68  000fe3af       548   2
DFL_DATA_n
                                  000fe3b0  000fe3b7         8   2
UARTDATA_n
                                  000fe3b8  000fe3cd        16   2
MAINDATA_n
                                  000fe3ce  000fe3db         e   2
.sbss
                                  000ffe20  000ffe20         0   2
.sdataR
                                  000ffe20  000ffe20         0   2
FDL_SDAT
                                  000ffe20  000ffe21         2   2
EEL_SDAT
                                  000ffe22  000ffe22         1   2

*** Total Section Size ***

RAMDATA SECTION:  000030df Byte(s)
ROMDATA SECTION:  00001bf2 Byte(s)
PROGRAM SECTION:  0001d628 Byte(s)

*** Symbol List ***

SECTION=
FILE=                               START        END    SIZE
  SYMBOL                            ADDR        SIZE    INFO      COUNTS  OPT
    STRUCT                                      SIZE
      MEMBER                        ADDR        SIZE    INFO

SECTION=.vect
FILE=rlink_generates_04
                                  00000000  0000007f        80

SECTION=.callt0
FILE=gatt
                                  00000080  00000081         2
  @_atts_get_attrhdl
                                  00000080         0   data ,g         7
FILE=gap
                                  00000082  00000083         2
  @_gap_get_rec_idx
                                  00000082         0   data ,g        1d
FILE=ke_mem
                                  00000084  00000085         2
  @_ke_malloc
                                  00000084         0   data ,g        22
FILE=rf_renesas
                                  00000086  00000087         2
  @_rf_renesas_reg_wr
                                  00000086         0   data ,g        5e
FILE=rble_osinterface_rw
                                  00000088  00000089         2
  @_RBLE_snd_msg
                                  00000088         0   data ,g        4e
FILE=gap_util
                                  0000008a  0000008b         2
  @_gap_retrieve_srcid
                                  0000008a         0   data ,g        1a
FILE=attm_util
                                  0000008c  0000008d         2
  @_attm_read_word16
                                  0000008c         0   data ,g        1e
FILE=ke_msg
                                  0000008e  00000093         6
  @_ke_msg_alloc
                                  0000008e         0   data ,g       11b
  @_ke_msg_send
                                  00000090         0   data ,g        66
  @_ke_msg_send_basic
                                  00000092         0   data ,g         f
FILE=co_buf
                                  00000094  00000095         2
  @_co_buf_tx_desc_get
                                  00000094         0   data ,g        12
FILE=co_endian
                                  00000096  00000097         2
  @_co_bswap16
                                  00000096         0   data ,g        1d
FILE=co_utils
                                  00000098  00000099         2
  @_co_read16p
                                  00000098         0   data ,g         f
FILE=reg_access
                                  0000009a  0000009d         4
  @_reg_rd_16bit
                                  0000009a         0   data ,g        1a
  @_reg_wr_32bit
                                  0000009c         0   data ,g        53

SECTION=MAIN_CN0_f
FILE=.\Project_Source\renesas\src\arch\rl78\fw_update_count0.obj
                                  0000009e  0000009f         2
  _fw_update_count_0
                                  0000009e         2   data ,g         0

SECTION=MAIN_CN1_f
FILE=.\Project_Source\renesas\src\arch\rl78\fw_update_count1.obj
                                  000000a0  000000a1         2
  _fw_update_count_1
                                  000000a0         2   data ,g         0

SECTION=DFL_CNST_f
FILE=.\Project_Source\renesas\src\driver\dataflash\dataflash.obj
                                  000000a2  000000bf        1e
  _testadr@1
                                  000000a2         6   data ,l         2
    struct bd_addr {
                                                   6
      _testadr@1.addr
                                  000000a2         6   unsigned char
    }
  _errno_list@5
                                  000000a8        18   data ,l         4
    struct df_errno {
                                                   2
      _errno_list@5.eel
                                  000000a8         1   unsigned char
      _errno_list@5.df
                                  000000a9         1   unsigned char
    }

SECTION=.option_byte
FILE=rlink_generates_01
                                  000000c0  000000c3         4

SECTION=.security_id
FILE=rlink_generates_03
                                  000000c4  000000cd         a

SECTION=.monitor1
FILE=rlink_generates_02
                                  000000ce  000000d7         a

SECTION=EEL_CNST_f
FILE=.\Project_Source\renesas\src\driver\dataflash\eel_descriptor_t02.obj
                                  000000d8  000000db         4
  _eel_descriptor
                                  000000d8         3   data ,g         6
  _eel_internal_cfg_cau08
                                  000000db         1   data ,g         2

SECTION=FDL_CNST_f
FILE=.\Project_Source\renesas\src\driver\dataflash\fdl_descriptor_t02.obj
                                  000000dc  000000e5         a
  _fdl_descriptor_str
                                  000000dc         a   data ,g         2
    struct  {
                                                   a
      _fdl_descriptor_str.eel_pool_bytes_u16
                                  000000dc         2   unsigned int
      _fdl_descriptor_str.fdl_pool_bytes_u16
                                  000000de         2   unsigned int
      _fdl_descriptor_str.fdl_delay_u16
                                  000000e0         2   unsigned int
      _fdl_descriptor_str.eel_pool_blocks_u08
                                  000000e2         1   unsigned char
      _fdl_descriptor_str.fdl_pool_blocks_u08
                                  000000e3         1   unsigned char
      _fdl_descriptor_str.fx_MHz_u08
                                  000000e4         1   unsigned char
      _fdl_descriptor_str.wide_voltage_mode_u08
                                  000000e5         1   unsigned char
    }

SECTION=.data
FILE=.\Project_Source\renesas\src\arch\rl78\prf_config.obj
                                  000000e6  00000157        72
FILE=rand
                                  00000158  0000015b         4

SECTION=ROM_BOOT0
FILE=.\Project_Source\renesas\src\compiler\ccrl\cstart.obj
                                  0000015c  000001a9        4e
  _start
                                  0000015c         0   entry,g         0
  _exit
                                  000001a8         0   none ,g         1

SECTION=.text
FILE=.\Project_Source\renesas\src\driver\peak\peak_isr.obj
                                  000001aa  000001c3        1a
  _peak_timer_isr
                                  000001aa        1a   func ,g         0

SECTION=UARTCODE_n
FILE=.\Project_Source\renesas\src\driver\uart\uart.obj
                                  000001c4  00000273        b0
  _dma0_isr
                                  000001c4        2c   func ,g         0
  _dma1_isr
                                  000001f0        1b   func ,g         0
  _st0_isr
                                  0000020b        2c   func ,g         0
  _sre0_isr
                                  00000237        3d   func ,g         0

SECTION=HST_CODE_n
FILE=gatt
                                  00000274  000002a7        34
  _atts_get_attrhdl
                                  00000274        34   func ,g         1
FILE=gap
                                  000002a8  000002ea        43
  _gap_get_rec_idx
                                  000002a8        43   func ,g         1
FILE=gap_util
                                  000002eb  000002ee         4
  _gap_retrieve_srcid
                                  000002eb         4   func ,g         1
FILE=attm_util
                                  000002ef  000002f4         6
  _attm_read_word16
                                  000002ef         6   func ,g         1

SECTION=CNT_CODE_n
FILE=rwble
                                  000002f5  00000479       185
  _rwble_isr
                                  000002f5        1e   func ,g         0
  _rwble_default_isr@1
                                  00000313       160   func ,l         1
  __CommonCode@2
                                  00000473         7   func ,l         a
FILE=ke_mem
                                  0000047a  0000051c        a3
  _ke_malloc
                                  0000047a        9d   func ,g         1
  __CommonCode@1
                                  00000517         6   func ,l         2  ch
FILE=rf_renesas
                                  0000051d  00000523         7
  _rf_renesas_reg_wr
                                  0000051d         7   func ,g         8
FILE=ke_msg
                                  00000524  0000057f        5c
  _ke_msg_alloc
                                  00000524        32   func ,g         1  ch
  _ke_msg_send
                                  00000556        21   func ,g        57
  _ke_msg_send_basic
                                  00000577         9   func ,g         4
FILE=co_buf
                                  00000580  00000589         a
  _co_buf_tx_desc_get
                                  00000580         a   func ,g         1  ch
FILE=co_endian
                                  0000058a  0000058b         2
  _co_bswap16
                                  0000058a         2   func ,g         2
FILE=co_utils
                                  0000058c  00000591         6
  _co_read16p
                                  0000058c         6   func ,g         1
FILE=reg_access
                                  00000592  000006b6       125
  _reg_rd_16bit
                                  00000592        a1   func ,g         a
  _reg_wr_32bit
                                  00000633        7a   func ,g         1
  _dma2_isr
                                  000006ad         5   func ,g         0
  _dma3_isr
                                  000006b2         5   func ,g         0

SECTION=RBL_CODE_n
FILE=rble_osinterface_rw
                                  000006b7  000006e6        30
  _RBLE_snd_msg
                                  000006b7        30   func ,g         1  ch

SECTION=FDL_CODE
FILE=fdl
                                  000006ec  000007b4        c9
  _FDL_Init
                                  000006ec         0   none ,g         1
  FDL_Init
                                  000006ec         0   none ,g         0
  FDL_Init_exit
                                  00000721         0   none ,l         1
  _FDL_ExecuteEEL
                                  00000722         0   none ,g         1
  FDL_ExecuteEEL
                                  00000722         0   none ,g         0
  _FDL_Execute
                                  00000727         0   none ,g         0
  FDL_Execute
                                  00000727         0   none ,g         0
  _FDL_Execute_common
                                  0000072a         0   none ,l         1
  _FDL_Handler
                                  0000072e         0   none ,g         2
  FDL_Handler
                                  0000072e         0   none ,g         1
  FDL_Handler_Exit
                                  00000739         0   none ,l         1
  _FDL_Open
                                  0000073a         0   none ,g         1
  FDL_Open
                                  0000073a         0   none ,g         0
  FDL_Open_Exit
                                  0000074c         0   none ,l         2
  _FDL_Close
                                  0000074d         0   none ,g         0
  FDL_Close
                                  0000074d         0   none ,g         0
  FDL_Close_exit
                                  00000767         0   none ,l         1
  _FDL_StandBy
                                  00000768         0   none ,g         0
  FDL_StandBy
                                  00000768         0   none ,g         0
  _FDL_WakeUp
                                  0000077c         0   none ,g         0
  FDL_WakeUp
                                  0000077c         0   none ,g         0
  _FDL_Abort
                                  0000078c         0   none ,g         0
  FDL_Abort
                                  0000078c         0   none ,g         0
  FDL_Common_OK
                                  000007a2         0   none ,l         4
  FDL_Common_REJECTED
                                  000007a5         0   none ,l         1
  FDL_Common_BUSY
                                  000007a9         0   none ,l         2
  FDL_Common_Exit
                                  000007ae         0   none ,l         2
  _FDL_GetVersionString
                                  000007af         0   none ,g         0
  FDL_GetVersionString
                                  000007af         0   none ,g         0
FILE=fdl_data
                                  000007b6  000007d2        1d
  FDL_attribute_table
                                  000007b6         0   none ,g         1
  FDL_command_table
                                  000007bb         0   none ,g         2
  _FDL_VERSION_STRING
                                  000007c0         0   none ,g         4
FILE=fdl_functions
                                  000007d4  0000090f       13c
  FDL_CheckConfiguration
                                  000007d4         0   none ,g         1
  FDL_CheckConfiguration_error
                                  000007fb         0   none ,l         5
  FDL_CheckConfiguration_exit
                                  000007ff         0   none ,l         1
  FDL_CheckRequest
                                  00000800         0   none ,g         1
  FDL_CheckRequest_StandBy_check
                                  00000813         0   none ,l         1
  FDL_CheckRequest_cont
                                  0000081a         0   none ,l         1
  FDL_CheckRequest_byte
                                  00000836         0   none ,l         0
  FDL_CheckRequest_block
                                  00000851         0   none ,l         1
  FDL_CheckRequest_check_requester
                                  00000867         0   none ,l         1
  FDL_CheckRequest_eel
                                  00000877         0   none ,l         1
  FDL_CheckRequest_check_range
                                  0000087e         0   none ,l         1
  FDL_CheckRequest_ok
                                  00000882         0   none ,l         0
  FDL_CheckRequest_error_init
                                  00000897         0   none ,l         1
  FDL_CheckRequest_error_reject
                                  0000089b         0   none ,l         1
  FDL_CheckRequest_error_parameter
                                  0000089f         0   none ,l         7
  FDL_CheckRequest_error_standby
                                  000008a3         0   none ,l         1
  FDL_CheckRequest_read
                                  000008a7         0   none ,l         1
  FDL_CheckRequest_exit
                                  000008aa         0   none ,l         5
  FDL_StateEpilog
                                  000008ad         0   none ,g         1
  FDL_ReadRomTables
                                  000008bf         0   none ,l         1
  FDL_Delay_10us
                                  000008d8         0   none ,g         2
  FDL_Delay_Loop
                                  000008de         0   none ,l         1
  FDL_Delay_Loop_exit
                                  000008e4         0   none ,l         1
  FDL_Copy_to_RAM
                                  000008e5         0   none ,g         2
  copy_to_BRAM_next
                                  000008ed         0   none ,l         1
  FDL_ReadCommand
                                  000008fa         0   none ,g         1
  FDL_ReadCommand_next
                                  00000905         0   none ,l         1

SECTION=EEL_CODE
FILE=eel
                                  00000910  0000095d        4e
  _EEL_Init
                                  00000910         0   none ,g         1
  EEL_Init
                                  00000910         0   none ,g         0
  _EEL_Init_neg
                                  0000092f         0   none ,l         2
  _EEL_Init_exit
                                  00000931         0   none ,l         1
  _EEL_Open
                                  00000933         0   none ,g         2
  EEL_Open
                                  00000933         0   none ,g         0
  _EEL_Close
                                  00000937         0   none ,g         1
  EEL_Close
                                  00000937         0   none ,g         0
  _EEL_Execute
                                  0000093e         0   none ,g         3
  EEL_Execute
                                  0000093e         0   none ,g         0
  _EEL_Execute_exit
                                  00000946         0   none ,l         1
  _EEL_Handler
                                  00000947         0   none ,g         3
  EEL_Handler
                                  00000947         0   none ,g         0
  _EEL_Handler_continue
                                  00000952         0   none ,l         0
  _EEL_Handler_exit
                                  00000957         0   none ,l         2
  _EEL_GetVersionString
                                  00000958         0   none ,g         1
  EEL_GetVersionString
                                  00000958         0   none ,g         0
FILE=eel_get_space
                                  0000095e  00000993        36
  _EEL_GetSpace
                                  0000095e         0   none ,g         1
  EEL_GetSpace
                                  0000095e         0   none ,g         0
  _EEL_GS_err
                                  00000982         0   none ,l         2
  _EEL_GS_err_init
                                  00000988         0   none ,l         2
  _EEL_GS_err_access_locked
                                  0000098c         0   none ,l         1
  _EEL_GS_err_rejected
                                  00000990         0   none ,l         1
  _EEL_GS_exit
                                  00000992         0   none ,l         3
FILE=eel_common
                                  00000994  00000994         1
  _EEL_EXIT_STATE
                                  00000994         0   none ,g         4
FILE=eel_data
                                  00000996  000009d2        3d
  _EEL_CmdRomTable
                                  00000996         0   none ,g         1
  _EEL_CmdAttrRomTable
                                  000009a6         0   none ,g         2
  _EEL_DrvStatesVsFlagsRomTable
                                  000009ae         0   none ,g         0
  _EEL_VERSION_STRING
                                  000009c0         0   none ,g         2
  _EEL_DrvStatesVsFlagsRomTable_end
                                  000009c0         0   none ,g         0
FILE=eel_functions
                                  000009d4  00000cc9       2f6
  _EEL_AnalyzePool
                                  000009d4         0   none ,g         1
  _EEL_AP_2A_blocks_only
                                  000009f9         0   none ,l         0
  _EEL_AP_2A_blocks_and_xI_blocks
                                  00000a0a         0   none ,l         1
  _EEL_AP_check_A_flags
                                  00000a11         0   none ,l         2
  _EEL_AP_1_active_blk
                                  00000a1c         0   none ,l         1
  _EEL_AP_ok
                                  00000a22         0   none ,l         0
  _EEL_AP_exhausted
                                  00000a25         0   none ,l         1
  _EEL_AP_inconsistent
                                  00000a29         0   none ,l         5
  _EEL_AP_exit
                                  00000a2b         0   none ,l         2
  _EEL_CalcNextAFlag
                                  00000a2f         0   none ,g         3
  _EEL_SwapBlkInfoOfABlocks
                                  00000a36         0   none ,g         3
  _EEL_ClearBRAM_refs
                                  00000a48         0   none ,g         2
  _EEL_ClearBRAM_vars
                                  00000a52         0   none ,g         1
  _EEL_ClearBRAM_loop
                                  00000a59         0   none ,l         2
  _EEL_WriteBRAM_ref
                                  00000a61         0   none ,g         3
  _EEL_ReadBRAM_ref
                                  00000a6b         0   none ,g         2
  _EEL_CheckConfiguration
                                  00000a75         0   none ,g         1
  _EEL_CC_var_check_loop
                                  00000aa9         0   none ,l         1
  _EEL_CC_exit_pos
                                  00000ae9         0   none ,l         0
  _EEL_CC_exit_neg
                                  00000aed         0   none ,l         a
  _EEL_CC_exit
                                  00000aef         0   none ,l         1
  _EEL_CheckRequest
                                  00000af3         0   none ,g         1
  _EEL_CR_startup_check_end
                                  00000b13         0   none ,l         1
  _EEL_CR_write_check_end
                                  00000b1a         0   none ,l         1
  _EEL_CR_ID_check_end
                                  00000b29         0   none ,l         1
  _EEL_CR_startup_error
                                  00000b35         0   none ,l         1
  _EEL_CR_init_error
                                  00000b39         0   none ,l         2
  _EEL_CR_param_error
                                  00000b3d         0   none ,l         3
  _EEL_CR_exhausted_error
                                  00000b41         0   none ,l         1
  _EEL_CR_busy_error
                                  00000b45         0   none ,l         1
  _EEL_CheckRequest_error
                                  00000b47         0   none ,l         4
  _EEL_CheckRequest_exit
                                  00000b49         0   none ,l         1
  _EEL_DecodeCommand
                                  00000b4e         0   none ,l         1
  _EEL_DecodeCommand_pos
                                  00000b6e         0   none ,l         0
  _EEL_DecodeCommand_neg
                                  00000b72         0   none ,l         2
  _EEL_DecodeCommand_exit
                                  00000b74         0   none ,l         1
  _EEL_IdentifyLibrary
                                  00000b78         0   none ,g         1
  _EEL_IL_exit
                                  00000b8c         0   none ,l         1
  _EEL_StateProlog
                                  00000b90         0   none ,g         1
  _EEL_StateEpilog
                                  00000b9c         0   none ,g         1
  _EEL_ReadBlockStatus
                                  00000ba6         0   none ,g         4
  _EEL_RBS_exit
                                  00000bcc         0   none ,l         5
  _EEL_AnalyzeBlock
                                  00000bcd         0   none ,g         1
  _EEL_AB_blk_active
                                  00000bdc         0   none ,l         0
  _EEL_AB_blk_active_0
                                  00000be6         0   none ,l         0
  _EEL_AB_blk_active_1
                                  00000bf2         0   none ,l         1
  _EEL_AB_blk_active_increment
                                  00000bfc         0   none ,l         2
  _EEL_AB_blk_invalid
                                  00000c01         0   none ,l         1
  _EEL_AB_exit
                                  00000c19         0   none ,l         2
  _EEL_ConvertBlockIDtoIDX
                                  00000c1a         0   none ,g         d
  _EEL_AnalyzeID
                                  00000c1e         0   none ,g         2
  _EEL_ReadIDInformation
                                  00000c2d         0   none ,g         3
  _EEL_RII_common
                                  00000c2f         0   none ,l         1
  _EEL_RII_ok
                                  00000c4a         0   none ,l         0
  _EEL_RII_error
                                  00000c4e         0   none ,l         3
  _EEL_RII_exit
                                  00000c50         0   none ,l         1
  _EEL_IsSeparator
                                  00000c52         0   none ,g         2
  _EEL_IS_exit
                                  00000c5c         0   none ,l         1
  _EEL_GetFreeSpace
                                  00000c5d         0   none ,g         2
  _EEL_GFS_exit
                                  00000c7a         0   none ,l         2
  _EEL_PrepareDataForFlagWrite_complete_same_error_state
                                  00000c7e         0   none ,g         5
  _EEL_PrepareDataForFlagWrite_complete
                                  00000c82         0   none ,g         2
  _EEL_PrepareDataForFlagWrite_BufferAndCount
                                  00000c99         0   none ,g         0
  _EEL_PrepareDataForRead_with_std_buffer
                                  00000ca4         0   none ,g         7
  _EEL_PrepareDataForRead
                                  00000ca7         0   none ,g         1
  _EEL_finish_command
                                  00000cba         0   none ,g         e
FILE=eel_format
                                  00000cca  00000df0       127
  _EEL_FMT_STATE_0
                                  00000cca         0   none ,g         1
  _EEL_FMT_STATE_1
                                  00000ce1         0   none ,g         2
  _EEL_FMT_STATE_2
                                  00000cf2         0   none ,g         1
  _EEL_FMT_STATE_2_exit
                                  00000d0c         0   none ,l         1
  _EEL_FMT_STATE_3
                                  00000d0d         0   none ,g         2
  _EEL_FMT_STATE_3_cont
                                  00000d1d         0   none ,l         1
  _EEL_FMT_STATE_3_exit
                                  00000d23         0   none ,l         1
  _EEL_FMT_STATE_4
                                  00000d24         0   none ,g         2
  _EEL_FMT_STATE_5
                                  00000d3c         0   none ,g         2
  _EEL_FMT_STATE_5_cont
                                  00000d4c         0   none ,l         1
  _EEL_FMT_STATE_5_cont_act_process
                                  00000d5b         0   none ,l         1
  _EEL_FMT_STATE_5_exit
                                  00000d61         0   none ,l         2
  _EEL_FMT_STATE_6
                                  00000d62         0   none ,g         1
  _EEL_FMT_STATE_7
                                  00000d75         0   none ,g         2
  _EEL_FMT_STATE_8
                                  00000d86         0   none ,g         1
  _EEL_FMT_STATE_8_exit
                                  00000dc0         0   none ,l         1
  _EEL_FMT_STATE_9
                                  00000dc1         0   none ,g         2
  _EEL_FMT_STATE_9_cont
                                  00000dd0         0   none ,l         1
  _EEL_FMT_STATE_9_exit
                                  00000dd6         0   none ,l         1
  _EEL_FMT_STATE_10
                                  00000dd7         0   none ,g         1
  _EEL_FMT_STATE_11
                                  00000dea         0   none ,g         3
FILE=eel_read
                                  00000df2  00000e28        37
  _EEL_RDR_STATE_0
                                  00000df2         0   none ,g         1
  _EEL_RDR_STATE_0_read_ref
                                  00000e0a         0   none ,l         1
  _EEL_RDR_STATE_0_exit
                                  00000e20         0   none ,l         1
  _EEL_RDR_STATE_1
                                  00000e21         0   none ,g         1
FILE=eel_shutdown
                                  00000e2a  00000e34         b
  _EEL_SDN_STATE_0
                                  00000e2a         0   none ,g         1
FILE=eel_verify
                                  00000e36  00000e61        2c
  _EEL_VRF_STATE_0
                                  00000e36         0   none ,g         1
  _EEL_VRF_STATE_1
                                  00000e52         0   none ,g         1
FILE=eel_bios
                                  00000e62  00000f3e        dd
  _EEL_FDL_WR_BWV_CMD_STATE_0
                                  00000e62         0   none ,g         8
  _EEL_FDL_RD_CMD_STATE_0
                                  00000e68         0   none ,g         1
  _EEL_FDL_BC_CMD_STATE_0
                                  00000e6c         0   none ,g         1
  _EEL_FDL_WR_CMD_STATE_0
                                  00000e70         0   none ,g         7
  _EEL_FDL_IV_CMD_STATE_0
                                  00000e74         0   none ,g         5
  _EEL_FDL_WR_SEQUENCE_CMD_STATE_0
                                  00000e78         0   none ,g         1
  _EEL_FDL_BYTE_CMD_STATE_0
                                  00000e83         0   none ,l         4
  _EEL_FDL_ER_CMD_STATE_0
                                  00000e8f         0   none ,g         2
  _EEL_FDL_CMD_STATE_0
                                  00000e93         0   none ,g         3
  _EEL_FDL_CMD_STATE_0_standby_check
                                  00000eaa         0   none ,l         1
  _EEL_FDL_CMD_STATE_0_init_check
                                  00000eae         0   none ,l         0
  _EEL_FDL_CMD_STATE_0_exit
                                  00000ebc         0   none ,l         4
  _EEL_FDL_CMD_STATE_1
                                  00000ebd         0   none ,g         1
  _EEL_FDL_CMD_STATE_1_ok
                                  00000ed7         0   none ,l         1
  _EEL_FDL_CMD_STATE_1_check_aborted_error
                                  00000ee0         0   none ,l         1
  _EEL_FDL_CMD_STATE_1_check_flash_error
                                  00000ef5         0   none ,l         1
  _EEL_FDL_CMD_STATE_1_check_flash_error_common
                                  00000f1a         0   none ,l         3
  _EEL_FDL_CMD_STATE_1_flash_no_err_CMD_mismatch_exit
                                  00000f21         0   none ,l         0
  _EEL_FDL_CMD_STATE_1_exit
                                  00000f25         0   none ,l         6
  _EEL_FDL_CMD_STATE_2
                                  00000f26         0   none ,g         3
FILE=eel_refresh
                                  00000f40  00001131       1f2
  _EEL_REF_STATE_0
                                  00000f40         0   none ,g         2
  _EEL_REF_STATE_1
                                  00000f4e         0   none ,g         3
  _EEL_REF_STATE_1_cont
                                  00000f6e         0   none ,l         1
  _EEL_REF_STATE_1_exit
                                  00000f7e         0   none ,l         1
  _EEL_REF_STATE_2
                                  00000f7f         0   none ,g         1
  _EEL_REF_STATE_2_cont
                                  00000f8f         0   none ,l         1
  _EEL_REF_STATE_2_exit
                                  00000fa6         0   none ,l         1
  _EEL_REF_STATE_3
                                  00000fa7         0   none ,g         1
  _EEL_REF_STATE_4
                                  00000fc3         0   none ,g         1
  _EEL_REF_STATE_5
                                  00000fdc         0   none ,g         2
  _EEL_REF_STATE_5_cont
                                  00000fe9         0   none ,l         1
  _EEL_REF_STATE_5_ref_exists
                                  00000ff8         0   none ,l         1
  _EEL_REF_STATE_5_exit
                                  0000103a         0   none ,l         2
  _EEL_REF_STATE_6
                                  0000103b         0   none ,g         2
  _EEL_REF_STATE_6_cont
                                  00001049         0   none ,l         1
  _EEL_REF_STATE_6_copy_blk_size
                                  0000104d         0   none ,l         0
  _EEL_REF_STATE_6_cont_read
                                  0000104f         0   none ,l         1
  _EEL_REF_STATE_6_exit
                                  00001069         0   none ,l         1
  _EEL_REF_STATE_7
                                  0000106a         0   none ,g         1
  _EEL_REF_STATE_8
                                  00001087         0   none ,g         1
  _EEL_REF_STATE_9
                                  0000109f         0   none ,g         1
  _EEL_REF_STATE_10
                                  000010b5         0   none ,g         2
  _EEL_REF_STATE_11
                                  000010c3         0   none ,g         1
  _EEL_REF_STATE_11_fill_finished
                                  000010e6         0   none ,l         1
  _EEL_REF_STATE_11_exit
                                  000010e9         0   none ,l         1
  _EEL_REF_STATE_12
                                  000010ea         0   none ,g         1
  _EEL_REF_STATE_13
                                  00001106         0   none ,g         4
  _EEL_REF_STATE_13_exclude
                                  00001114         0   none ,l         1
  _EEL_REF_STATE_13_exit
                                  00001117         0   none ,l         1
  _EEL_REF_STATE_14
                                  00001118         0   none ,g         2
  _EEL_REF_STATE_15
                                  0000112e         0   none ,l         1
FILE=eel_startup
                                  00001132  000012b5       184
  _EEL_SUP_STATE_0
                                  00001132         0   none ,g         1
  _EEL_SUP_STATE_1
                                  0000115a         0   none ,g         2
  _EEL_SUP_STATE_2
                                  0000116b         0   none ,g         1
  _EEL_SUP_STATE_3
                                  00001180         0   none ,g         1
  _EEL_SUP_STATE_3_inconsistent
                                  00001190         0   none ,l         1
  _EEL_SUP_STATE_3_ok
                                  00001195         0   none ,l         1
  _EEL_SUP_STATE_3_exit
                                  0000119e         0   none ,l         2
  _EEL_SUP_STATE_4
                                  0000119f         0   none ,g         1
  _EEL_SUP_STATE_5a
                                  000011bd         0   none ,g         1
  _EEL_SUP_STATE_5b
                                  000011bf         0   none ,g         1
  _EEL_SUP_STATE_5_common
                                  000011c2         0   none ,l         1
  _EEL_SUP_STATE_6
                                  000011eb         0   none ,g         2
  _EEL_SUP_STATE_7
                                  00001204         0   none ,g         2
  _EEL_SUP_STATE_8
                                  00001212         0   none ,g         1
  _EEL_SUP_STATE_8_SoR_EoR_error
                                  00001242         0   none ,l         3
  _EEL_SUP_STATE_8_fill_finished
                                  00001249         0   none ,l         1
  _EEL_SUP_STATE_8_fill_finished_exhausted
                                  00001257         0   none ,l         1
  _EEL_SUP_STATE_8_exit
                                  0000125d         0   none ,l         2
  _EEL_SUP_STATE_9
                                  0000125e         0   none ,g         1
  _EEL_SUP_STATE_10
                                  0000127d         0   none ,g         1
  _EEL_SUP_STATE_10_exit
                                  000012a0         0   none ,l         1
  _EEL_SUP_STATE_11a
                                  000012a1         0   none ,g         2
  _EEL_SUP_STATE_11
                                  000012ac         0   none ,g         1
FILE=eel_write
                                  000012b6  00001384        cf
  _EEL_WRR_STATE_0
                                  000012b6         0   none ,g         1
  _EEL_WRR_STATE_0_mark_pool_full
                                  000012d0         0   none ,l         1
  _EEL_WRR_STATE_0_var_fits
                                  000012d9         0   none ,l         1
  _EEL_WRR_STATE_0_exit
                                  000012fe         0   none ,l         1
  _EEL_WRR_STATE_1
                                  000012ff         0   none ,g         1
  _EEL_WRR_STATE_2
                                  0000132d         0   none ,g         1
  _EEL_WRR_STATE_3
                                  00001356         0   none ,g         1
  _EEL_WRR_STATE_4
                                  00001376         0   none ,g         3

SECTION=.RLIB
FILE=memcpy
                                  00001385  00001395        11
  _memcpy
                                  00001385         0   none ,g        f8
FILE=memset
                                  00001396  000013a3         e
  _memset
                                  00001396         0   none ,g        4a
FILE=_COM_memcpy_ff
                                  000013a4  000013c4        21
  __COM_memcpy_ff
                                  000013a4         0   none ,g         2
FILE=_COM_uidiv
                                  000013c5  000013ef        2b
  __COM_uidiv
                                  000013c5         0   none ,g         c
FILE=_COM_imul
                                  000013f0  000013fe         f
  __COM_imul
                                  000013f0         0   none ,g        4d
FILE=_COM_lmul
                                  000013ff  00001426        28
  __COM_lmul
                                  000013ff         0   none ,g        16
FILE=_COM_sidiv
                                  00001427  0000144c        26
  __COM_sidiv
                                  00001427         0   none ,g         1
FILE=_COM_ucdiv
                                  0000144d  00001479        2d
  __COM_ucdiv
                                  0000144d         0   none ,g         3
FILE=_COM_uirem
                                  0000147a  000014a4        2b
  __COM_uirem
                                  0000147a         0   none ,g         6
FILE=_COM_uldiv
                                  000014a5  000014e0        3c
  __COM_uldiv
                                  000014a5         0   none ,g        11
FILE=_COM_sirem
                                  000014e1  00001502        22
  __COM_sirem
                                  000014e1         0   none ,g         4
FILE=_COM_ucrem
                                  00001503  0000152e        2c
  __COM_ucrem
                                  00001503         0   none ,g         1
FILE=_COM_ulrem
                                  0000152f  00001568        3a
  __COM_ulrem
                                  0000152f         0   none ,g         1

SECTION=.SLIB
FILE=memcmp
                                  00001569  0000157a        12
  _memcmp
                                  00001569         0   none ,g         8
FILE=rand
                                  0000157b  000015a6        2c
  _rand
                                  0000157b        24   func ,g         7
  _srand
                                  0000159f         8   func ,g         1

SECTION=MAINCODE_f
FILE=.\Project_Source\renesas\src\arch\rl78\main.obj
                                  000015a7  000016ab       105
  _init_data_section_area
                                  000015a7        84   func ,g         1  ch
  _main
                                  0000162b        37   func ,g         1  ch
  _arch_main
                                  00001662         c   func ,g         1
  _platform_reset
                                  0000166e         f   func ,g         3
  _wakeup_init
                                  0000167d         d   func ,g         1
  _sleep_cont
                                  0000168a         d   func ,g         3
  _peak_start
                                  00001697         1   func ,g         2
  _peak_end
                                  00001698         1   func ,g         1
  _RBLE_User_Set_Params_call_func
                                  00001699        13   func ,g         1

SECTION=DFL_CODE_f
FILE=.\Project_Source\renesas\src\driver\dataflash\dataflash.obj
                                  000016ac  000019fa       34f
  _dataflash_init
                                  000016ac        39   func ,g         1  ch
  _dataflash_start
                                  000016e5        63   func ,g         2  ch
  _dataflash_stop
                                  00001748        2a   func ,g         2
  _dataflash_rw
                                  00001772        45   func ,g         2
  _dataflash_cleanup
                                  000017b7        33   func ,g         1
  _dataflash_format
                                  000017ea        43   func ,g         1  ch
  _dataflash_continue
                                  0000182d        49   func ,g         1  ch
  _dataflash_get_space
                                  00001876        20   func ,g         1  ch
  _dataflash_getver
                                  00001896        77   func ,g         1  ch
  _dataflash_is_stopped
                                  0000190d         e   func ,g         3
  _dataflash_errno@1
                                  0000191b        23   func ,l         5
  _dataflash_busy_handler@1
                                  0000193e         c   func ,l         5  ch
  _flash_get_bda
                                  0000194a        8d   func ,g         1  ch
  __CommonCode@0
                                  000019d7         a   func ,l         3  ch
  __CommonCode@1
                                  000019e1        10   func ,l         4  ch
  __CommonCode@2
                                  000019f1         a   func ,l         2  ch

SECTION=PLF_CODE_f
FILE=.\Project_Source\renesas\src\driver\plf\plf.obj
                                  000019fb  00001aa6        ac
  _plf_init
                                  000019fb        94   func ,g         1
  _plf_hoco_start
                                  00001a8f         e   func ,g         3
  _plf_hoco_stop
                                  00001a9d         a   func ,g         3

SECTION=UARTCODE_f
FILE=.\Project_Source\renesas\src\driver\uart\uart.obj
                                  00001aa7  00001c05       15f
  _serial_init
                                  00001aa7        cd   func ,g         1  ch
  _serial_read
                                  00001b74         f   func ,g         5
  _serial_write
                                  00001b83        19   func ,g         1
  _serial_stop_ready
                                  00001b9c        38   func ,g         1
  _serial_stop_finish
                                  00001bd4        32   func ,g         1

SECTION=.const
FILE=.\Project_Source\renesas\src\arch\rl78\prf_config.obj
                                  00003000  0000319d       19e
  _proxm_task_id
                                  00003000         2   data ,g         e
  _proxr_task_id
                                  00003002         2   data ,g         9
  _findl_task_id
                                  00003004         2   data ,g         9
  _findt_task_id
                                  00003006         2   data ,g         9
  _anpc_task_id
                                  00003008         2   data ,g         e
  _anps_task_id
                                  0000300a         2   data ,g         d
  _vuart_svc@1
                                  0000300c        10   data ,l         1
  _vuart_indication_char@2
                                  0000301c        13   data ,l         1
    struct atts_char128_desc {
                                                  13
      _vuart_indication_char@2.prop
                                  0000301c         1   unsigned char
      _vuart_indication_char@2.attr_hdl
                                  0000301d         2   unsigned char
      _vuart_indication_char@2.attr_type
                                  0000301f        10   unsigned char
    }
  _vuart_write_char@3
                                  0000302f        13   data ,l         1
    struct atts_char128_desc {
                                                  13
      _vuart_write_char@3.prop
                                  0000302f         1   unsigned char
      _vuart_write_char@3.attr_hdl
                                  00003030         2   unsigned char
      _vuart_write_char@3.attr_type
                                  00003032        10   unsigned char
    }
  _lls_svc@4
                                  00003042         2   data ,l         1
  _lls_alert_lvl_char@5
                                  00003044         5   data ,l         1
    struct atts_char_desc {
                                                   5
      _lls_alert_lvl_char@5.prop
                                  00003044         1   unsigned char
      _lls_alert_lvl_char@5.attr_hdl
                                  00003045         2   unsigned char
      _lls_alert_lvl_char@5.attr_type
                                  00003047         2   unsigned char
    }
  _tps_svc@6
                                  0000304a         2   data ,l         1
  _tps_txpw_lvl_char@7
                                  0000304c         5   data ,l         1
    struct atts_char_desc {
                                                   5
      _tps_txpw_lvl_char@7.prop
                                  0000304c         1   unsigned char
      _tps_txpw_lvl_char@7.attr_hdl
                                  0000304d         2   unsigned char
      _tps_txpw_lvl_char@7.attr_type
                                  0000304f         2   unsigned char
    }
  _ias_svc@8
                                  00003052         2   data ,l         1
  _ias_alert_lvl_char@9
                                  00003054         5   data ,l         1
    struct atts_char_desc {
                                                   5
      _ias_alert_lvl_char@9.prop
                                  00003054         1   unsigned char
      _ias_alert_lvl_char@9.attr_hdl
                                  00003055         2   unsigned char
      _ias_alert_lvl_char@9.attr_type
                                  00003057         2   unsigned char
    }
  _ans_alert_ntf_svc
                                  0000305a         2   data ,g         1
  _ans_supp_new_alert_char
                                  0000305c         5   data ,g         1
    struct atts_char_desc {
                                                   5
      _ans_supp_new_alert_char.prop
                                  0000305c         1   unsigned char
      _ans_supp_new_alert_char.attr_hdl
                                  0000305d         2   unsigned char
      _ans_supp_new_alert_char.attr_type
                                  0000305f         2   unsigned char
    }
  _ans_new_alert_char
                                  00003061         5   data ,g         1
    struct atts_char_desc {
                                                   5
      _ans_new_alert_char.prop
                                  00003061         1   unsigned char
      _ans_new_alert_char.attr_hdl
                                  00003062         2   unsigned char
      _ans_new_alert_char.attr_type
                                  00003064         2   unsigned char
    }
  _ans_supp_unread_alert_char
                                  00003066         5   data ,g         1
    struct atts_char_desc {
                                                   5
      _ans_supp_unread_alert_char.prop
                                  00003066         1   unsigned char
      _ans_supp_unread_alert_char.attr_hdl
                                  00003067         2   unsigned char
      _ans_supp_unread_alert_char.attr_type
                                  00003069         2   unsigned char
    }
  _ans_unread_alert_char
                                  0000306b         5   data ,g         1
    struct atts_char_desc {
                                                   5
      _ans_unread_alert_char.prop
                                  0000306b         1   unsigned char
      _ans_unread_alert_char.attr_hdl
                                  0000306c         2   unsigned char
      _ans_unread_alert_char.attr_type
                                  0000306e         2   unsigned char
    }
  _ans_alert_ntf_cp_char
                                  00003070         5   data ,g         1
    struct atts_char_desc {
                                                   5
      _ans_alert_ntf_cp_char.prop
                                  00003070         1   unsigned char
      _ans_alert_ntf_cp_char.attr_hdl
                                  00003071         2   unsigned char
      _ans_alert_ntf_cp_char.attr_type
                                  00003073         2   unsigned char
    }
  _ans_supp_new_alert@10
                                  00003075         2   data ,l         1
  _ans_supp_unread_alert@11
                                  00003077         2   data ,l         1
  _atts_desc_list_prf
                                  0000307a       122   data ,g         2
    struct atts_desc {
                                                   a
      _atts_desc_list_prf.type
                                  0000307a         2   unsigned short
      _atts_desc_list_prf.maxlength
                                  0000307c         1   unsigned char
      _atts_desc_list_prf.length
                                  0000307d         1   unsigned char
      _atts_desc_list_prf.taskid
                                  0000307e         2   unsigned short
      _atts_desc_list_prf.perm
                                  00003080         2   unsigned short
      _atts_desc_list_prf.value
                                  00003082         4   [near pointer]
    }
  _ATT_PRF_DB_SIZE
                                  0000319c         2   data ,g         1
FILE=.\Project_Source\renesas\src\arch\rl78\rble_core_config.obj
                                  0000319e  000031f1        54
  _rble_core_sel_handler_table_ent
                                  0000319e        1c   data ,g         1
    struct RBLE_CORE_SEL_PROF_HANDLER_t {
                                                   4
      _rble_core_sel_handler_table_ent.prof_handler
                                  0000319e         4   [near pointer]
      _rble_core_sel_handler_table_ent.handler_size_num
                                  000031a0         4   [near pointer]
    }
  _prof_init_table_ent
                                  000031ba        1c   data ,g         1
  _rble_prof_version_table_ent
                                  000031d6        1c   data ,g         1
    struct RBLE_PROF_VERSION_t {
                                                   4
      _rble_prof_version_table_ent.major_ver
                                  000031d6         4   [near pointer]
      _rble_prof_version_table_ent.minor_ver
                                  000031d8         4   [near pointer]
    }
FILE=.\Project_Source\renesas\src\arch\rl78\rble_modem_config.obj
                                  000031f2  0000321b        2a
  _rble_modem_sel_cmd_exe_table_ent
                                  000031f2        2a   data ,g         1
    struct RBLE_MODEM_SEL_CMD_EXE_t {
                                                   6
      _rble_modem_sel_cmd_exe_table_ent.sel_key
                                  000031f2         2   unsigned short
      _rble_modem_sel_cmd_exe_table_ent.func_cmd_exe
                                  000031f4         4   [far pointer]
    }
FILE=rble_api_modem_fmpl
                                  0000321c  00003230        15
  _rble_fmpl_handler
                                  0000321c        12   data ,g         1
  _rble_fmpl_handler_size
                                  0000322e         1   data ,g         1
  _fmpl_major_ver
                                  0000322f         1   data ,g         1
  _fmpl_minor_ver
                                  00003230         1   data ,g         1
FILE=rble_api_modem_fmpt
                                  00003232  00003246        15
  _rble_fmpt_handler
                                  00003232        12   data ,g         1
  _rble_fmpt_handler_size
                                  00003244         1   data ,g         1
  _fmpt_major_ver
                                  00003245         1   data ,g         1
  _fmpt_minor_ver
                                  00003246         1   data ,g         1
FILE=findt_task
                                  00003248  00003271        2a
  _findt_idle
                                  00003248         c   data ,g         1
  _findt_connected
                                  00003254        12   data ,g         1
  _findt_state_handler
                                  00003266         8   data ,g         1
    struct ke_state_handler {
                                                   4
      _findt_state_handler.msg_table
                                  00003266         4   [near pointer]
      _findt_state_handler.msg_cnt
                                  00003268         2   unsigned short
    }
  _findt_default_handler
                                  0000326e         4   data ,g         1
    struct ke_state_handler {
                                                   4
      _findt_default_handler.msg_table
                                  0000326e         4   [near pointer]
      _findt_default_handler.msg_cnt
                                  00003270         2   unsigned short
    }
FILE=findl_task
                                  00003272  000032a7        36
  _findl_idle
                                  00003272         6   data ,g         1
  _findl_connected
                                  00003278        24   data ,g         1
  _findl_state_handler
                                  0000329c         8   data ,g         1
    struct ke_state_handler {
                                                   4
      _findl_state_handler.msg_table
                                  0000329c         4   [near pointer]
      _findl_state_handler.msg_cnt
                                  0000329e         2   unsigned short
    }
  _findl_default_handler
                                  000032a4         4   data ,g         1
    struct ke_state_handler {
                                                   4
      _findl_default_handler.msg_table
                                  000032a4         4   [near pointer]
      _findl_default_handler.msg_cnt
                                  000032a6         2   unsigned short
    }
FILE=rble_api_modem_pxpm
                                  000032a8  000032c8        21
  _rble_pxpm_handler
                                  000032a8        1e   data ,g         1
  _rble_pxpm_handler_size
                                  000032c6         1   data ,g         1
  _pxpm_major_ver
                                  000032c7         1   data ,g         1
  _pxpm_minor_ver
                                  000032c8         1   data ,g         1
FILE=rble_api_modem_pxpr
                                  000032ca  000032de        15
  _rble_pxpr_handler
                                  000032ca        12   data ,g         1
  _rble_pxpr_handler_size
                                  000032dc         1   data ,g         1
  _pxpr_major_ver
                                  000032dd         1   data ,g         1
  _pxpr_minor_ver
                                  000032de         1   data ,g         1
FILE=proxr_task
                                  000032e0  0000330f        30
  _proxr_idle
                                  000032e0        12   data ,g         1
  _proxr_connected
                                  000032f2        12   data ,g         1
  _proxr_state_handler
                                  00003304         8   data ,g         1
    struct ke_state_handler {
                                                   4
      _proxr_state_handler.msg_table
                                  00003304         4   [near pointer]
      _proxr_state_handler.msg_cnt
                                  00003306         2   unsigned short
    }
  _proxr_default_handler
                                  0000330c         4   data ,g         1
    struct ke_state_handler {
                                                   4
      _proxr_default_handler.msg_table
                                  0000330c         4   [near pointer]
      _proxr_default_handler.msg_cnt
                                  0000330e         2   unsigned short
    }
FILE=proxm_task
                                  00003310  00003361        52
  _proxm_idle
                                  00003310         6   data ,g         1
  _proxm_connected
                                  00003316        2a   data ,g         1
  _proxm_discovering
                                  00003340        12   data ,g         1
  _proxm_state_handler
                                  00003352         c   data ,g         1
    struct ke_state_handler {
                                                   4
      _proxm_state_handler.msg_table
                                  00003352         4   [near pointer]
      _proxm_state_handler.msg_cnt
                                  00003354         2   unsigned short
    }
  _proxm_default_handler
                                  0000335e         4   data ,g         1
    struct ke_state_handler {
                                                   4
      _proxm_default_handler.msg_table
                                  0000335e         4   [near pointer]
      _proxm_default_handler.msg_cnt
                                  00003360         2   unsigned short
    }
FILE=rble_api_modem_anpc
                                  00003362  0000338e        2d
  _rble_anpc_handler
                                  00003362        2a   data ,g         1
  _rble_anpc_handler_size
                                  0000338c         1   data ,g         1
  _anpc_major_ver
                                  0000338d         1   data ,g         1
  _anpc_minor_ver
                                  0000338e         1   data ,g         1
FILE=rble_api_modem_anps
                                  00003390  000033bc        2d
  _rble_anps_handler
                                  00003390        2a   data ,g         1
  _rble_anps_handler_size
                                  000033ba         1   data ,g         1
  _anps_major_ver
                                  000033bb         1   data ,g         1
  _anps_minor_ver
                                  000033bc         1   data ,g         1
FILE=anps_task
                                  000033be  000033f3        36
  _anps_idle
                                  000033be         c   data ,g         1
  _anps_connected
                                  000033ca        1e   data ,g         1
  _anps_state_handler
                                  000033e8         8   data ,g         1
    struct ke_state_handler {
                                                   4
      _anps_state_handler.msg_table
                                  000033e8         4   [near pointer]
      _anps_state_handler.msg_cnt
                                  000033ea         2   unsigned short
    }
  _anps_default_handler
                                  000033f0         4   data ,g         1
    struct ke_state_handler {
                                                   4
      _anps_default_handler.msg_table
                                  000033f0         4   [near pointer]
      _anps_default_handler.msg_cnt
                                  000033f2         2   unsigned short
    }
FILE=anpc_task
                                  000033f4  0000345d        6a
  _anpc_idle
                                  000033f4         6   data ,g         1
  _anpc_connected
                                  000033fa        36   data ,g         1
  _anpc_discovering
                                  00003430        1e   data ,g         1
  _anpc_state_handler
                                  0000344e         c   data ,g         1
    struct ke_state_handler {
                                                   4
      _anpc_state_handler.msg_table
                                  0000344e         4   [near pointer]
      _anpc_state_handler.msg_cnt
                                  00003450         2   unsigned short
    }
  _anpc_default_handler
                                  0000345a         4   data ,g         1
    struct ke_state_handler {
                                                   4
      _anpc_default_handler.msg_table
                                  0000345a         4   [near pointer]
      _anpc_default_handler.msg_cnt
                                  0000345c         2   unsigned short
    }

SECTION=ACS_TBL_n
FILE=.\Project_Source\renesas\src\arch\rl78\arch_main.obj
                                  0000345e  00003491        34
  _access_table_ent
                                  0000345e        28   data ,g         6

SECTION=TSK_DESC_n
FILE=.\Project_Source\renesas\src\arch\rl78\ke_conf.obj
                                  00003492  00003601       170
  _ke_evt_hdlr_ent
                                  00003492        80   data ,g         1
  _TASK_DESC_ent
                                  00003512        f0   data ,g         1
    struct ke_task_desc {
                                                   a
      _TASK_DESC_ent.state_handler
                                  00003512         4   [near pointer]
      _TASK_DESC_ent.default_handler
                                  00003514         4   [near pointer]
      _TASK_DESC_ent.state
                                  00003516         4   [near pointer]
      _TASK_DESC_ent.state_max
                                  00003518         2   unsigned short
      _TASK_DESC_ent.idx_max
                                  0000351a         2   unsigned short
    }

SECTION=MAINCNST_n
FILE=.\Project_Source\renesas\src\arch\rl78\main.obj
                                  00003602  0000361f        1e
  _rscip_wait_timer_count
                                  00003602         2   data ,g         1

SECTION=HDB_CNST_n
FILE=.\Project_Source\renesas\src\arch\rl78\prf_config_host.obj
                                  00003620  000036bb        9c
  _gap_svc@1
                                  00003620         2   data ,l         1
  _devname@2
                                  00003622         5   data ,l         1
    struct atts_char_desc {
                                                   5
      _devname@2.prop
                                  00003622         1   unsigned char
      _devname@2.attr_hdl
                                  00003623         2   unsigned char
      _devname@2.attr_type
                                  00003625         2   unsigned char
    }
  _icon@3
                                  00003627         5   data ,l         1
    struct atts_char_desc {
                                                   5
      _icon@3.prop
                                  00003627         1   unsigned char
      _icon@3.attr_hdl
                                  00003628         2   unsigned char
      _icon@3.attr_type
                                  0000362a         2   unsigned char
    }
  _slave_param_ch@4
                                  0000362c         5   data ,l         1
    struct atts_char_desc {
                                                   5
      _slave_param_ch@4.prop
                                  0000362c         1   unsigned char
      _slave_param_ch@4.attr_hdl
                                  0000362d         2   unsigned char
      _slave_param_ch@4.attr_type
                                  0000362f         2   unsigned char
    }
  _slave_param@5
                                  00003631         8   data ,l         1
    struct atts_slv_pref {
                                                   8
      _slave_param@5.con_intv_max
                                  00003631         2   unsigned char
      _slave_param@5.con_intv_min
                                  00003633         2   unsigned char
      _slave_param@5.slave_latency
                                  00003635         2   unsigned char
      _slave_param@5.conn_timeout
                                  00003637         2   unsigned char
    }
  _gatt_svc@6
                                  0000363a         2   data ,l         1
  _gatt_svc_changed@7
                                  0000363c         5   data ,l         1
    struct atts_char_desc {
                                                   5
      _gatt_svc_changed@7.prop
                                  0000363c         1   unsigned char
      _gatt_svc_changed@7.attr_hdl
                                  0000363d         2   unsigned char
      _gatt_svc_changed@7.attr_type
                                  0000363f         2   unsigned char
    }
  _atts_desc_list_host
                                  00003642        78   data ,g         1
    struct atts_desc {
                                                   a
      _atts_desc_list_host.type
                                  00003642         2   unsigned short
      _atts_desc_list_host.maxlength
                                  00003644         1   unsigned char
      _atts_desc_list_host.length
                                  00003645         1   unsigned char
      _atts_desc_list_host.taskid
                                  00003646         2   unsigned short
      _atts_desc_list_host.perm
                                  00003648         2   unsigned short
      _atts_desc_list_host.value
                                  0000364a         4   [near pointer]
    }
  _ATT_HOST_DB_SIZE
                                  000036ba         2   data ,g         2

SECTION=CLK_TBL_n
FILE=.\Project_Source\renesas\src\driver\plf\plf.obj
                                  000036bc  000036c7         c
  _clk_table_ent
                                  000036bc         c   data ,g         1

SECTION=HST_CNST_n
FILE=svc_task
                                  000036c8  000036db        14
  _svc_idle
                                  000036c8         c   data ,g         1
  _svc_state_handler
                                  000036d4         4   data ,g         1
    struct ke_state_handler {
                                                   4
      _svc_state_handler.msg_table
                                  000036d4         4   [near pointer]
      _svc_state_handler.msg_cnt
                                  000036d6         2   unsigned short
    }
  _svc_default_handler
                                  000036d8         4   data ,g         1
    struct ke_state_handler {
                                                   4
      _svc_default_handler.msg_table
                                  000036d8         4   [near pointer]
      _svc_default_handler.msg_cnt
                                  000036da         2   unsigned short
    }
FILE=smpm_task
                                  000036dc  0000377d        a2
  _smpm_idle
                                  000036dc        30   data ,g         1
  _smpm_busy
                                  0000370c        30   data ,g         1
  _smpm_default_state
                                  0000373c        36   data ,g         1
  _smpm_state_handler
                                  00003772         8   data ,g         1
    struct ke_state_handler {
                                                   4
      _smpm_state_handler.msg_table
                                  00003772         4   [near pointer]
      _smpm_state_handler.msg_cnt
                                  00003774         2   unsigned short
    }
  _smpm_default_handler
                                  0000377a         4   data ,g         1
    struct ke_state_handler {
                                                   4
      _smpm_default_handler.msg_table
                                  0000377a         4   [near pointer]
      _smpm_default_handler.msg_cnt
                                  0000377c         2   unsigned short
    }
FILE=smpc
                                  0000377e  00003781         4
  _rwble_set_mem_smp_func
                                  0000377e         4   data ,g         2
FILE=smpc_task
                                  00003782  00003831        b0
  _smpc_default_state
                                  00003782        90   data ,g         1
  _smpc_state_handler
                                  00003812        1c   data ,g         1
    struct ke_state_handler {
                                                   4
      _smpc_state_handler.msg_table
                                  00003812         4   [near pointer]
      _smpc_state_handler.msg_cnt
                                  00003814         2   unsigned short
    }
  _smpc_default_handler
                                  0000382e         4   data ,g         1
    struct ke_state_handler {
                                                   4
      _smpc_default_handler.msg_table
                                  0000382e         4   [near pointer]
      _smpc_default_handler.msg_cnt
                                  00003830         2   unsigned short
    }
FILE=l2cm_task
                                  00003832  000038c5        94
  _l2cm_idle
                                  00003832        2a   data ,g         1
  _l2cm_w4resp
                                  0000385c         c   data ,g         1
  _l2cm_busy
                                  00003868         c   data ,g         1
  _l2cm_default_state
                                  00003874        42   data ,g         1
  _l2cm_state_handler
                                  000038b6         c   data ,g         1
    struct ke_state_handler {
                                                   4
      _l2cm_state_handler.msg_table
                                  000038b6         4   [near pointer]
      _l2cm_state_handler.msg_cnt
[...]
                 _ble_txphce_get
                                 00025cec 0110(00022f95:CNT_CODE_f)
                 _ble_txphce_set
                                 00025cfb 0110(00022faf:CNT_CODE_f)
                 _ble_txmd_setf
                                 00025d0d 0110(00022e1b:CNT_CODE_f)
                                          0110(00023065:CNT_CODE_f)
0156 reg_ble_em_txe
     SECTION=CNT_CODE_f
                 _ble_txecntl_set
                                 00025d44 0110(00023145:CNT_CODE_f)
                 _ble_txephce_set
                                 00025d4f 0110(00022fb8:CNT_CODE_f)
                                          0110(00022ffe:CNT_CODE_f)
                                          0110(00023093:CNT_CODE_f)
0157 prf_utils_client_register_atthdl2gatt
     SECTION=.textf
                 _prf_register_atthdl2gatt
                                 00006e02 0135(00006a3e:.textf)
                 _prf_unregister_atthdl2gatt
                                 00006e29 0135(00006a63:.textf)
0158 eel_format
     SECTION=EEL_CODE
                 _EEL_FMT_STATE_0
                                 00000cca 0144(000009a2:EEL_CODE)
                 _EEL_FMT_STATE_1
                                 00000ce1 0158(00000cde:EEL_CODE)
                                          0158(00000d19:EEL_CODE)
                 _EEL_FMT_STATE_2
                                 00000cf2 0158(00000ce2:EEL_CODE)
                 _EEL_FMT_STATE_3
                                 00000d0d 0158(00000cf3:EEL_CODE)
                                          0158(00000d04:EEL_CODE)
                 _EEL_FMT_STATE_4
                                 00000d24 0158(00000d21:EEL_CODE)
                                          0158(00000d48:EEL_CODE)
                 _EEL_FMT_STATE_5
                                 00000d3c 0158(00000d2d:EEL_CODE)
                                          0158(00000d6c:EEL_CODE)
                 _EEL_FMT_STATE_6
                                 00000d62 0158(00000d33:EEL_CODE)
                 _EEL_FMT_STATE_7
                                 00000d75 0158(00000d5f:EEL_CODE)
                                          0158(00000dd4:EEL_CODE)
                 _EEL_FMT_STATE_8
                                 00000d86 0158(00000d76:EEL_CODE)
                 _EEL_FMT_STATE_9
                                 00000dc1 0158(00000d87:EEL_CODE)
                                          0158(00000de1:EEL_CODE)
                 _EEL_FMT_STATE_10
                                 00000dd7 0158(00000db8:EEL_CODE)
                 _EEL_FMT_STATE_11
                                 00000dea 0158(00000d57:EEL_CODE)
                                          0158(00000db2:EEL_CODE)
                                          0158(00000dcc:EEL_CODE)
0159 eel_read
     SECTION=EEL_CODE
                 _EEL_RDR_STATE_0
                                 00000df2 0144(0000099c:EEL_CODE)
                 _EEL_RDR_STATE_1
                                 00000e21 0159(00000e1a:EEL_CODE)
0160 eel_shutdown
     SECTION=EEL_CODE
                 _EEL_SDN_STATE_0
                                 00000e2a 0144(000009a4:EEL_CODE)
0161 eel_verify
     SECTION=EEL_CODE
                 _EEL_VRF_STATE_0
                                 00000e36 0144(000009a0:EEL_CODE)
                 _EEL_VRF_STATE_1
                                 00000e52 0161(00000e46:EEL_CODE)
0162 eel_bios
     SECTION=EEL_CODE
                 _EEL_FDL_WR_BWV_CMD_STATE_0
                                 00000e62 0158(00000dbe:EEL_CODE)
                                          0163(00000fc0:EEL_CODE)
                                          0163(00001038:EEL_CODE)
                                          0163(00001084:EEL_CODE)
                                          0163(0000109c:EEL_CODE)
                                          0165(000012fc:EEL_CODE)
                                          0165(0000132a:EEL_CODE)
                                          0165(00001353:EEL_CODE)
                 _EEL_FDL_RD_CMD_STATE_0
                                 00000e68 0145(00000cb7:EEL_CODE)
                 _EEL_FDL_BC_CMD_STATE_0
                                 00000e6c 0162(00000e67:EEL_CODE)
                 _EEL_FDL_WR_CMD_STATE_0
                                 00000e70 0158(00000d0a:EEL_CODE)
                                          0158(00000d72:EEL_CODE)
                                          0158(00000de7:EEL_CODE)
                                          0162(00000e80:EEL_CODE)
                                          0163(000010f7:EEL_CODE)
                                          0163(00001128:EEL_CODE)
                                          0164(000011e5:EEL_CODE)
                 _EEL_FDL_IV_CMD_STATE_0
                                 00000e74 0161(00000e4f:EEL_CODE)
                                          0162(00000e82:EEL_CODE)
                                          0164(000011ba:EEL_CODE)
                                          0164(0000127a:EEL_CODE)
                                          0164(0000129e:EEL_CODE)
                 _EEL_FDL_WR_SEQUENCE_CMD_STATE_0
                                 00000e78 0162(00000ed3:EEL_CODE)
                 _EEL_FDL_ER_CMD_STATE_0
                                 00000e8f 0158(00000d39:EEL_CODE)
                                          0163(00000fa4:EEL_CODE)
                 _EEL_FDL_CMD_STATE_0
                                 00000e93 0162(00000e8e:EEL_CODE)
                                          0162(00000e94:EEL_CODE)
                                          0162(00000ee8:EEL_CODE)
                 _EEL_FDL_CMD_STATE_1
                                 00000ebd 0162(00000eaf:EEL_CODE)
                 _EEL_FDL_CMD_STATE_2
                                 00000f26 0162(00000eba:EEL_CODE)
                                          0162(00000ef1:EEL_CODE)
                                          0162(00000ef9:EEL_CODE)
0163 eel_refresh
     SECTION=EEL_CODE
                 _EEL_REF_STATE_0
                                 00000f40 0144(0000099e:EEL_CODE)
                                          0163(00001122:EEL_CODE)
                 _EEL_REF_STATE_1
                                 00000f4e 0163(00000f4b:EEL_CODE)
                                          0163(00000f8b:EEL_CODE)
                                          0163(00001110:EEL_CODE)
                 _EEL_REF_STATE_2
                                 00000f7f 0163(00000f6f:EEL_CODE)
                 _EEL_REF_STATE_3
                                 00000fa7 0163(00000f98:EEL_CODE)
                 _EEL_REF_STATE_4
                                 00000fc3 0163(00000fb7:EEL_CODE)
                 _EEL_REF_STATE_5
                                 00000fdc 0163(00000fd9:EEL_CODE)
                                          0163(00001045:EEL_CODE)
                 _EEL_REF_STATE_6
                                 0000103b 0163(00001026:EEL_CODE)
                                          0163(00001078:EEL_CODE)
                 _EEL_REF_STATE_7
                                 0000106a 0163(00001050:EEL_CODE)
                 _EEL_REF_STATE_8
                                 00001087 0163(00000fe5:EEL_CODE)
                 _EEL_REF_STATE_9
                                 0000109f 0163(00001093:EEL_CODE)
                 _EEL_REF_STATE_10
                                 000010b5 0163(000010b2:EEL_CODE)
                                          0163(000010e2:EEL_CODE)
                 _EEL_REF_STATE_11
                                 000010c3 0163(000010b6:EEL_CODE)
                 _EEL_REF_STATE_12
                                 000010ea 0163(000010e7:EEL_CODE)
                 _EEL_REF_STATE_13
                                 00001106 0163(00000fba:EEL_CODE)
                                          0163(0000102c:EEL_CODE)
                                          0163(0000107e:EEL_CODE)
                                          0163(00001096:EEL_CODE)
                 _EEL_REF_STATE_14
                                 00001118 0163(00000f9e:EEL_CODE)
                                          0163(00001115:EEL_CODE)
0164 eel_startup
     SECTION=EEL_CODE
                 _EEL_SUP_STATE_0
                                 00001132 0144(00000998:EEL_CODE)
                 _EEL_SUP_STATE_1
                                 0000115a 0164(00001157:EEL_CODE)
                                          0164(0000117d:EEL_CODE)
                 _EEL_SUP_STATE_2
                                 0000116b 0164(0000115b:EEL_CODE)
                 _EEL_SUP_STATE_3
                                 00001180 0164(0000116c:EEL_CODE)
                 _EEL_SUP_STATE_4
                                 0000119f 0164(0000119c:EEL_CODE)
                 _EEL_SUP_STATE_5a
                                 000011bd 0164(000011a0:EEL_CODE)
                 _EEL_SUP_STATE_5b
                                 000011bf 0164(000011a6:EEL_CODE)
                 _EEL_SUP_STATE_6
                                 000011eb 0164(0000118a:EEL_CODE)
                                          0164(000011c3:EEL_CODE)
                 _EEL_SUP_STATE_7
                                 00001204 0164(00001201:EEL_CODE)
                                          0164(0000123e:EEL_CODE)
                 _EEL_SUP_STATE_8
                                 00001212 0164(00001205:EEL_CODE)
                 _EEL_SUP_STATE_9
                                 0000125e 0164(00001253:EEL_CODE)
                 _EEL_SUP_STATE_10
                                 0000127d 0164(0000125f:EEL_CODE)
                 _EEL_SUP_STATE_11a
                                 000012a1 0164(00001265:EEL_CODE)
                                          0164(0000128a:EEL_CODE)
                 _EEL_SUP_STATE_11
                                 000012ac 0164(0000127e:EEL_CODE)
0165 eel_write
     SECTION=EEL_CODE
                 _EEL_WRR_STATE_0
                                 000012b6 0144(0000099a:EEL_CODE)
                 _EEL_WRR_STATE_1
                                 000012ff 0165(000012f0:EEL_CODE)
                 _EEL_WRR_STATE_2
                                 0000132d 0165(0000131e:EEL_CODE)
                 _EEL_WRR_STATE_3
                                 00001356 0165(00001347:EEL_CODE)
                 _EEL_WRR_STATE_4
                                 00001376 0165(000012f6:EEL_CODE)
                                          0165(00001324:EEL_CODE)
                                          0165(0000134d:EEL_CODE)
0166 _COM_sirem
     SECTION=.RLIB
                 __COM_sirem
                                 000014e1 0108(000223b8:CNT_CODE_f)
                                          0112(0002394f:CNT_CODE_f)
                                          0112(00023969:CNT_CODE_f)
                                          0115(00024660:CNT_CODE_f)
0167 _COM_ucrem
     SECTION=.RLIB
                 __COM_ucrem
                                 00001503 0112(00023996:CNT_CODE_f)
0168 _COM_ulrem
     SECTION=.RLIB
                 __COM_ulrem
                                 0000152f 0111(0002323e:CNT_CODE_f)
0169 rlink_generates_01
     SECTION=.option_byte
0170 rlink_generates_02
     SECTION=.monitor1
     SECTION=.monitor2
0171 rlink_generates_03
     SECTION=.security_id
0172 rlink_generates_04
     SECTION=.vect
0173 rlink_generates_05
     SECTION=
                 __s.vect
                                 00000000
                 __s.constf
                                 00000080
                 __e.constf
                                 00000080
                 __s.sdata
                                 00000080
                 __e.sdata
                                 00000080
                 __s.callt0
                                 00000080
                 __e.vect
                                 00000080
                 __sMAIN_CN0_f
                                 0000009e
                 __e.callt0
                                 0000009e
                 __eMAIN_CN0_f
                                 000000a0
                 __sMAIN_CN1_f
                                 000000a0
                 __eMAIN_CN1_f
                                 000000a2
                 __sDFL_CNST_f
                                 000000a2
                 __eDFL_CNST_f
                                 000000c0
                 __s.option_byte
                                 000000c0
                 __e.option_byte
                                 000000c4
                 __s.security_id
                                 000000c4
                 __s.monitor1
                                 000000ce
                 __e.security_id
                                 000000ce
                 __sEEL_CNST_f
                                 000000d8
                 __e.monitor1
                                 000000d8
                 __eEEL_CNST_f
                                 000000dc
                 __sFDL_CNST_f
                                 000000dc
                 __s.data
                                 000000e6
                 __eFDL_CNST_f
                                 000000e6
                 __e.data
                                 0000015c
                 __sROM_BOOT0
                                 0000015c
                 __eROM_BOOT0
                                 000001aa
                 __s.text
                                 000001aa
                 __e.text
                                 000001c4
                 __sUARTCODE_n
                                 000001c4
                 __eUARTCODE_n
                                 00000274
                 __sHST_CODE_n
                                 00000274
                 __eHST_CODE_n
                                 000002f5
                 __sCNT_CODE_n
                                 000002f5
                 __eCNT_CODE_n
                                 000006b7
                 __sRBL_CODE_n
                                 000006b7
                 __eRBL_CODE_n
                                 000006e7
                 __sFDL_CODE
                                 000006ec
                 __eFDL_CODE
                                 00000910
                 __sEEL_CODE
                                 00000910
                 __s.RLIB
                                 00001385
                 __eEEL_CODE
                                 00001385
                 __e.RLIB
                                 00001569
                 __s.SLIB
                                 00001569
                 __e.SLIB
                                 000015a7
                 __sMAINCODE_f
                                 000015a7
                 __eMAINCODE_f
                                 000016ac
                 __sDFL_CODE_f
                                 000016ac
                 __eDFL_CODE_f
                                 000019fb
                 __sPLF_CODE_f
                                 000019fb
                 __ePLF_CODE_f
                                 00001aa7
                 __sUARTCODE_f
                                 00001aa7
                 __eUARTCODE_f
                                 00001c06
                 __s.const
                                 00003000
                 __e.const
                                 0000345e
                 __sACS_TBL_n
                                 0000345e
                 __eACS_TBL_n
                                 00003492
                 __sTSK_DESC_n
                                 00003492
                 __eTSK_DESC_n
                                 00003602
                 __sMAINCNST_n
                                 00003602
                 __eMAINCNST_n
                                 00003620
                 __sHDB_CNST_n
                                 00003620
                 __eHDB_CNST_n
                                 000036bc
                 __sCLK_TBL_n
                                 000036bc
                 __eCLK_TBL_n
                                 000036c8
                 __sHST_CNST_n
                                 000036c8
                 __eHST_CNST_n
                                 000040e0
                 __sCNT_CNST_n
                                 000040e0
                 __eCNT_CNST_n
                                 0000463e
                 __sRBL_CNST_n
                                 0000463e
                 __s.textf
                                 00004896
                 __eRBL_CNST_n
                                 00004896
                 __e.textf
                                 00006e61
                 __sRBL_CODE_f
                                 00006e61
                 __eRBL_CODE_f
                                 0000a6bf
                 __s.monitor2
                                 0000fe00
                 __sHST_CODE_f
                                 00010000
                 __e.monitor2
                                 00010000
                 __eHST_CODE_f
                                 0001aab5
                 __sCNT_CODE_f
                                 0001aab5
                 __eCNT_CODE_f
                                 00025d5a
                 __RAM_ADDR_START
                                 000faf00
                 __s.bss
                                 000fb300
                 __e.bss
                                 000fd50c
                 __s.dataR
                                 000fd50c
                 __e.dataR
                                 000fd582
                 __sCNT_DATA_n
                                 000fd582
                 __eCNT_DATA_n
                                 000fdbac
                 __sHDB_DATA_n
                                 000fdbac
                 __eHDB_DATA_n
                                 000fdc14
                 __sHST_DATA_n
                                 000fdc14
                 __eHST_DATA_n
                                 000fde68
                 __sRBL_DATA_n
                                 000fde68
                 __eRBL_DATA_n
                                 000fe3b0
                 __sDFL_DATA_n
                                 000fe3b0
                 __eDFL_DATA_n
                                 000fe3b8
                 __sUARTDATA_n
                                 000fe3b8
                 __eUARTDATA_n
                                 000fe3ce
                 __sMAINDATA_n
                                 000fe3ce
                 __eMAINDATA_n
                                 000fe3dc
                 __STACK_ADDR_END
                                 000fe3dc
                 __s.sbss
                                 000ffe20
                 __e.sbss
                                 000ffe20
                 __s.sdataR
                                 000ffe20
                 __e.sdataR
                                 000ffe20
                 __sFDL_SDAT
                                 000ffe20
                 __STACK_ADDR_START
                                 000ffe20 0001(0000015e:ROM_BOOT0)
                 __eFDL_SDAT
                                 000ffe22
                 __sEEL_SDAT
                                 000ffe22
                 __eEEL_SDAT
                                 000ffe23
                 __RAM_ADDR_END
                                 000ffee0
